Archive member included to satisfy reference by file (symbol)

c:/Users/DucminhN/Downloads/Software/max78000/Libraries/PeriphDrivers/bin/MAX78000/softfp/libPeriphDriver_softfp.a(mxc_delay.o)
                              c:/Users/DucminhN/Downloads/Software/max78000/work_space/ann/build/board.o (MXC_Delay)
c:/Users/DucminhN/Downloads/Software/max78000/Libraries/PeriphDrivers/bin/MAX78000/softfp/libPeriphDriver_softfp.a(pins_ai85.o)
                              c:/Users/DucminhN/Downloads/Software/max78000/work_space/ann/build/camera.o (gpio_cfg_pcif_xclk)
c:/Users/DucminhN/Downloads/Software/max78000/Libraries/PeriphDrivers/bin/MAX78000/softfp/libPeriphDriver_softfp.a(sys_ai85.o)
                              c:/Users/DucminhN/Downloads/Software/max78000/work_space/ann/build/board.o (MXC_SYS_ClockEnable)
c:/Users/DucminhN/Downloads/Software/max78000/Libraries/PeriphDrivers/bin/MAX78000/softfp/libPeriphDriver_softfp.a(nvic_table.o)
                              c:/Users/DucminhN/Downloads/Software/max78000/work_space/ann/build/camera.o (NVIC_SetVector)
c:/Users/DucminhN/Downloads/Software/max78000/Libraries/PeriphDrivers/bin/MAX78000/softfp/libPeriphDriver_softfp.a(cameraif_ai85.o)
                              c:/Users/DucminhN/Downloads/Software/max78000/work_space/ann/build/camera.o (MXC_PCIF_Init)
c:/Users/DucminhN/Downloads/Software/max78000/Libraries/PeriphDrivers/bin/MAX78000/softfp/libPeriphDriver_softfp.a(cameraif_reva.o)
                              c:/Users/DucminhN/Downloads/Software/max78000/Libraries/PeriphDrivers/bin/MAX78000/softfp/libPeriphDriver_softfp.a(cameraif_ai85.o) (MXC_PCIF_RevA_SetDatawidth)
c:/Users/DucminhN/Downloads/Software/max78000/Libraries/PeriphDrivers/bin/MAX78000/softfp/libPeriphDriver_softfp.a(dma_me17.o)
                              c:/Users/DucminhN/Downloads/Software/max78000/work_space/ann/build/camera.o (MXC_DMA_SetCallback)
c:/Users/DucminhN/Downloads/Software/max78000/Libraries/PeriphDrivers/bin/MAX78000/softfp/libPeriphDriver_softfp.a(dma_reva.o)
                              c:/Users/DucminhN/Downloads/Software/max78000/Libraries/PeriphDrivers/bin/MAX78000/softfp/libPeriphDriver_softfp.a(dma_me17.o) (MXC_DMA_RevA_Init)
c:/Users/DucminhN/Downloads/Software/max78000/Libraries/PeriphDrivers/bin/MAX78000/softfp/libPeriphDriver_softfp.a(gpio_ai85.o)
                              c:/Users/DucminhN/Downloads/Software/max78000/work_space/ann/build/led.o (MXC_GPIO_Config)
c:/Users/DucminhN/Downloads/Software/max78000/Libraries/PeriphDrivers/bin/MAX78000/softfp/libPeriphDriver_softfp.a(gpio_reva.o)
                              c:/Users/DucminhN/Downloads/Software/max78000/Libraries/PeriphDrivers/bin/MAX78000/softfp/libPeriphDriver_softfp.a(gpio_ai85.o) (MXC_GPIO_RevA_InGet)
c:/Users/DucminhN/Downloads/Software/max78000/Libraries/PeriphDrivers/bin/MAX78000/softfp/libPeriphDriver_softfp.a(i2c_me17.o)
                              c:/Users/DucminhN/Downloads/Software/max78000/work_space/ann/build/max20303.o (MXC_I2C_Init)
c:/Users/DucminhN/Downloads/Software/max78000/Libraries/PeriphDrivers/bin/MAX78000/softfp/libPeriphDriver_softfp.a(i2c_reva.o)
                              c:/Users/DucminhN/Downloads/Software/max78000/Libraries/PeriphDrivers/bin/MAX78000/softfp/libPeriphDriver_softfp.a(i2c_me17.o) (MXC_I2C_RevA_DMACallback)
c:/Users/DucminhN/Downloads/Software/max78000/Libraries/PeriphDrivers/bin/MAX78000/softfp/libPeriphDriver_softfp.a(pt_me17.o)
                              c:/Users/DucminhN/Downloads/Software/max78000/work_space/ann/build/camera.o (MXC_PT_Init)
c:/Users/DucminhN/Downloads/Software/max78000/Libraries/PeriphDrivers/bin/MAX78000/softfp/libPeriphDriver_softfp.a(pt_reva.o)
                              c:/Users/DucminhN/Downloads/Software/max78000/Libraries/PeriphDrivers/bin/MAX78000/softfp/libPeriphDriver_softfp.a(pt_me17.o) (MXC_PT_RevA_Init)
c:/Users/DucminhN/Downloads/Software/max78000/Libraries/PeriphDrivers/bin/MAX78000/softfp/libPeriphDriver_softfp.a(spi_me17.o)
                              c:/Users/DucminhN/Downloads/Software/max78000/work_space/ann/build/tft_fthr.o (MXC_SPI_Init)
c:/Users/DucminhN/Downloads/Software/max78000/Libraries/PeriphDrivers/bin/MAX78000/softfp/libPeriphDriver_softfp.a(spi_reva.o)
                              c:/Users/DucminhN/Downloads/Software/max78000/Libraries/PeriphDrivers/bin/MAX78000/softfp/libPeriphDriver_softfp.a(spi_me17.o) (MXC_SPI_RevA_Init)
c:/Users/DucminhN/Downloads/Software/max78000/Libraries/PeriphDrivers/bin/MAX78000/softfp/libPeriphDriver_softfp.a(uart_ai85.o)
                              c:/Users/DucminhN/Downloads/Software/max78000/work_space/ann/build/board.o (MXC_UART_Shutdown)
c:/Users/DucminhN/Downloads/Software/max78000/Libraries/PeriphDrivers/bin/MAX78000/softfp/libPeriphDriver_softfp.a(uart_common.o)
[...]
Memory Configuration

Name             Origin             Length             Attributes
ROM              0x00000000         0x00010000         xr
FLASH            0x10000000         0x00080000         xr
SRAM             0x20000000         0x00020000         xrw
*default*        0x00000000         0xffffffff

Linker script and memory map

LOAD c:/users/ducminhn/downloads/software/max78000/tools/gnutools/bin/../lib/gcc/arm-none-eabi/9.2.1/thumb/v7e-m+fp/softfp/crti.o
LOAD c:/users/ducminhn/downloads/software/max78000/tools/gnutools/bin/../lib/gcc/arm-none-eabi/9.2.1/thumb/v7e-m+fp/softfp/crtbegin.o
LOAD c:/users/ducminhn/downloads/software/max78000/tools/gnutools/bin/../lib/gcc/arm-none-eabi/9.2.1/../../../../arm-none-eabi/lib/thumb/v7e-m+fp/softfp/crt0.o
LOAD c:/Users/DucminhN/Downloads/Software/max78000/work_space/ann/build/main.o
LOAD c:/Users/DucminhN/Downloads/Software/max78000/work_space/ann/build/board.o
LOAD c:/Users/DucminhN/Downloads/Software/max78000/work_space/ann/build/stdio.o
LOAD c:/Users/DucminhN/Downloads/Software/max78000/work_space/ann/build/led.o
LOAD c:/Users/DucminhN/Downloads/Software/max78000/work_space/ann/build/pb.o
LOAD c:/Users/DucminhN/Downloads/Software/max78000/work_space/ann/build/tft_fthr.o
LOAD c:/Users/DucminhN/Downloads/Software/max78000/work_space/ann/build/camera.o
LOAD c:/Users/DucminhN/Downloads/Software/max78000/work_space/ann/build/ov7692.o
LOAD c:/Users/DucminhN/Downloads/Software/max78000/work_space/ann/build/sccb.o
LOAD c:/Users/DucminhN/Downloads/Software/max78000/work_space/ann/build/max20303.o
LOAD c:/Users/DucminhN/Downloads/Software/max78000/work_space/ann/build/startup_max78000.o
LOAD c:/Users/DucminhN/Downloads/Software/max78000/work_space/ann/build/heap.o
LOAD c:/Users/DucminhN/Downloads/Software/max78000/work_space/ann/build/system_max78000.o
START GROUP
LOAD c:/Users/DucminhN/Downloads/Software/max78000/Libraries/PeriphDrivers/bin/MAX78000/softfp/libPeriphDriver_softfp.a
LOAD c:/users/ducminhn/downloads/software/max78000/tools/gnutools/bin/../lib/gcc/arm-none-eabi/9.2.1/../../../../arm-none-eabi/lib/thumb/v7e-m+fp/softfp\libc.a
LOAD c:/users/ducminhn/downloads/software/max78000/tools/gnutools/bin/../lib/gcc/arm-none-eabi/9.2.1/../../../../arm-none-eabi/lib/thumb/v7e-m+fp/softfp\libm.a
LOAD c:/users/ducminhn/downloads/software/max78000/tools/gnutools/bin/../lib/gcc/arm-none-eabi/9.2.1/../../../../arm-none-eabi/lib/thumb/v7e-m+fp/softfp\libnosys.a
END GROUP
START GROUP
LOAD c:/users/ducminhn/downloads/software/max78000/tools/gnutools/bin/../lib/gcc/arm-none-eabi/9.2.1/thumb/v7e-m+fp/softfp\libgcc.a
LOAD c:/users/ducminhn/downloads/software/max78000/tools/gnutools/bin/../lib/gcc/arm-none-eabi/9.2.1/../../../../arm-none-eabi/lib/thumb/v7e-m+fp/softfp\libc.a
END GROUP
LOAD c:/users/ducminhn/downloads/software/max78000/tools/gnutools/bin/../lib/gcc/arm-none-eabi/9.2.1/thumb/v7e-m+fp/softfp/crtend.o
LOAD c:/users/ducminhn/downloads/software/max78000/tools/gnutools/bin/../lib/gcc/arm-none-eabi/9.2.1/thumb/v7e-m+fp/softfp/crtn.o

.rom
 *(.rom_vector)
 *(.rom_handlers*)

.text           0x10000000     0x886c
                0x10000000                _text = .
 *(.isr_vector)
 .isr_vector    0x10000000      0x1e0 c:/Users/DucminhN/Downloads/Software/max78000/work_space/ann/build/startup_max78000.o
                0x10000000                __isr_vector
 *(.text*)
 .text          0x100001e0       0x40 c:/users/ducminhn/downloads/software/max78000/tools/gnutools/bin/../lib/gcc/arm-none-eabi/9.2.1/thumb/v7e-m+fp/softfp/crtbegin.o
 .text.init_ann_with_weights
                0x10000220       0xa0 c:/Users/DucminhN/Downloads/Software/max78000/work_space/ann/build/main.o
                0x10000220                init_ann_with_weights
 .text.feed_forward
                0x100002c0       0xfe c:/Users/DucminhN/Downloads/Software/max78000/work_space/ann/build/main.o
                0x100002c0                feed_forward
 *fill*         0x100003be        0x2 
 .text.startup.main
                0x100003c0      0x240 c:/Users/DucminhN/Downloads/Software/max78000/work_space/ann/build/main.o
                0x100003c0                main
 .text.mxc_assert
                0x10000600       0x10 c:/Users/DucminhN/Downloads/Software/max78000/work_space/ann/build/board.o
                0x10000600                mxc_assert
 .text.Console_Init
                0x10000610       0x14 c:/Users/DucminhN/Downloads/Software/max78000/work_space/ann/build/board.o
                0x10000610                Console_Init
 .text.Board_Init
                0x10000624       0x58 c:/Users/DucminhN/Downloads/Software/max78000/work_space/ann/build/board.o
                0x10000624                Board_Init
 .text.NMI_Handler
                0x1000067c        0x4 c:/Users/DucminhN/Downloads/Software/max78000/work_space/ann/build/board.o
                0x1000067c                NMI_Handler
 .text._close   0x10000680        0x6 c:/Users/DucminhN/Downloads/Software/max78000/work_space/ann/build/stdio.o
                0x10000680                _close
 .text._isatty  0x10000686        0x6 c:/Users/DucminhN/Downloads/Software/max78000/work_space/ann/build/stdio.o
                0x10000686                _isatty
 .text._lseek   0x1000068c        0x6 c:/Users/DucminhN/Downloads/Software/max78000/work_space/ann/build/stdio.o
                0x1000068c                _lseek
 .text._fstat   0x10000692        0x6 c:/Users/DucminhN/Downloads/Software/max78000/work_space/ann/build/stdio.o
                0x10000692                _fstat
 .text._read    0x10000698       0x50 c:/Users/DucminhN/Downloads/Software/max78000/work_space/ann/build/stdio.o
                0x10000698                _read
 .text._write   0x100006e8       0x48 c:/Users/DucminhN/Downloads/Software/max78000/work_space/ann/build/stdio.o
                0x100006e8                _write
 .text.LED_Off  0x10000730       0x3c c:/Users/DucminhN/Downloads/Software/max78000/work_space/ann/build/led.o
                0x10000730                LED_Off
 .text.LED_Init
                0x1000076c       0x40 c:/Users/DucminhN/Downloads/Software/max78000/work_space/ann/build/led.o
                0x1000076c                LED_Init
 .text.PB_Init  0x100007ac       0x38 c:/Users/DucminhN/Downloads/Software/max78000/work_space/ann/build/pb.o
                0x100007ac                PB_Init
 .text.GPIO0_IRQHandler
                0x100007e4        0x6 c:/Users/DucminhN/Downloads/Software/max78000/work_space/ann/build/pb.o
                0x100007e4                GPIO0_IRQHandler
 .text.GPIO1_IRQHandler
                0x100007ea        0x6 c:/Users/DucminhN/Downloads/Software/max78000/work_space/ann/build/pb.o
                0x100007ea                GPIO1_IRQHandler
 .text.GPIO2_IRQHandler
                0x100007f0        0x6 c:/Users/DucminhN/Downloads/Software/max78000/work_space/ann/build/pb.o
                0x100007f0                GPIO2_IRQHandler
 *fill*         0x100007f6        0x2 
 .text          0x100007f8      0x148 c:/Users/DucminhN/Downloads/Software/max78000/work_space/ann/build/startup_max78000.o
                0x100007f8                Reset_Handler
                0x10000836                HardFault_Handler
                0x10000838                MemManage_Handler
                0x1000083a                BusFault_Handler
                0x1000083c                UsageFault_Handler
                0x1000083e                SVC_Handler
                0x10000840                DebugMon_Handler
                0x10000842                PendSV_Handler
                0x10000844                SysTick_Handler
                0x10000846                Default_Handler
                0x10000848                PF_IRQHandler
                0x1000084a                WDT0_IRQHandler
                0x1000084c                RSV02_IRQHandler
                0x1000084e                RTC_IRQHandler
                0x10000850                TRNG_IRQHandler
                0x10000852                TMR0_IRQHandler
                0x10000854                TMR1_IRQHandler
                0x10000856                TMR2_IRQHandler
                0x10000858                TMR3_IRQHandler
                0x1000085a                TMR4_IRQHandler
                0x1000085c                TMR5_IRQHandler
                0x1000085e                RSV11_IRQHandler
                0x10000860                RSV12_IRQHandler
                0x10000862                I2C0_IRQHandler
                0x10000864                UART0_IRQHandler
                0x10000866                UART1_IRQHandler
                0x10000868                SPI1_IRQHandler
                0x1000086a                RSV17_IRQHandler
                0x1000086c                RSV18_IRQHandler
                0x1000086e                RSV19_IRQHandler
                0x10000870                ADC_IRQHandler
                0x10000872                RSV21_IRQHandler
                0x10000874                RSV22_IRQHandler
                0x10000876                FLC0_IRQHandler
                0x1000087e                RSV27_IRQHandler
                0x10000880                DMA0_IRQHandler
                0x10000882                DMA1_IRQHandler
                0x10000884                DMA2_IRQHandler
                0x10000886                DMA3_IRQHandler
                0x10000888                RSV32_IRQHandler
                0x1000088a                RSV33_IRQHandler
                0x1000088c                UART2_IRQHandler
                0x1000088e                RSV35_IRQHandler
                0x10000890                I2C1_IRQHandler
                0x10000892                RSV37_IRQHandler
                0x10000894                RSV38_IRQHandler
                0x10000896                RSV39_IRQHandler
                0x10000898                RSV40_IRQHandler
                0x1000089a                RSV41_IRQHandler
                0x1000089c                RSV42_IRQHandler
                0x1000089e                RSV43_IRQHandler
                0x100008a0                RSV44_IRQHandler
                0x100008a2                RSV45_IRQHandler
                0x100008a4                RSV46_IRQHandler
                0x100008a6                RSV47_IRQHandler
                0x100008a8                RSV48_IRQHandler
                0x100008aa                RSV49_IRQHandler
                0x100008ac                RSV50_IRQHandler
                0x100008ae                RSV51_IRQHandler
                0x100008b0                RSV52_IRQHandler
                0x100008b2                WUT_IRQHandler
                0x100008b4                GPIOWAKE_IRQHandler
                0x100008b6                RSV55_IRQHandler
                0x100008b8                SPI0_IRQHandler
                0x100008ba                WDT1_IRQHandler
                0x100008bc                RSV58_IRQHandler
                0x100008be                PT_IRQHandler
                0x100008c0                RSV60_IRQHandler
                0x100008c2                RSV61_IRQHandler
                0x100008c4                I2C2_IRQHandler
                0x100008c6                RISCV_IRQHandler
                0x100008c8                RSV64_IRQHandler
                0x100008ca                RSV65_IRQHandler
                0x100008cc                RSV66_IRQHandler
                0x100008ce                OWM_IRQHandler
                0x100008d0                RSV68_IRQHandler
                0x100008d2                RSV69_IRQHandler
                0x100008d4                RSV70_IRQHandler
                0x100008d6                RSV71_IRQHandler
                0x100008d8                RSV72_IRQHandler
                0x100008da                RSV73_IRQHandler
                0x100008dc                RSV74_IRQHandler
                0x100008de                RSV75_IRQHandler
                0x100008e0                RSV76_IRQHandler
                0x100008e2                RSV77_IRQHandler
                0x100008e4                RSV78_IRQHandler
                0x100008e6                RSV79_IRQHandler
                0x100008e8                RSV80_IRQHandler
                0x100008ea                RSV81_IRQHandler
                0x100008ec                ECC_IRQHandler
                0x100008ee                DVS_IRQHandler
                0x100008f0                SIMO_IRQHandler
                0x100008f2                RSV85_IRQHandler
                0x100008f4                RSV86_IRQHandler
                0x100008f6                RSV87_IRQHandler
                0x100008f8                UART3_IRQHandler
                0x100008fa                RSV89_IRQHandler
                0x100008fc                RSV90_IRQHandler
                0x100008fe                PCIF_IRQHandler
                0x10000900                RSV92_IRQHandler
                0x10000902                RSV93_IRQHandler
                0x10000904                RSV94_IRQHandler
                0x10000906                RSV95_IRQHandler
                0x10000908                RSV96_IRQHandler
                0x1000090a                AES_IRQHandler
                0x1000090c                RSV98_IRQHandler
                0x1000090e                I2S_IRQHandler
                0x10000910                CNN_FIFO_IRQHandler
                0x10000912                CNN_IRQHandler
                0x10000914                RSV102_IRQHandler
                0x10000916                LPCMP_IRQHandler
 .text._sbrk    0x10000940       0x38 c:/Users/DucminhN/Downloads/Software/max78000/work_space/ann/build/heap.o
                0x10000940                _sbrk
 .text.SystemCoreClockUpdate
                0x10000978       0x68 c:/Users/DucminhN/Downloads/Software/max78000/work_space/ann/build/system_max78000.o
                0x10000978                SystemCoreClockUpdate
 .text.PreInit  0x100009e0        0x4 c:/Users/DucminhN/Downloads/Software/max78000/work_space/ann/build/system_max78000.o
                0x100009e0                PreInit
 .text.SystemInit
                0x100009e4       0x30 c:/Users/DucminhN/Downloads/Software/max78000/work_space/ann/build/system_max78000.o
                0x100009e4                SystemInit
 .text.MXC_DelayInit
                0x10000a14       0x80 c:/Users/DucminhN/Downloads/Software/max78000/Libraries/PeriphDrivers/bin/MAX78000/softfp/libPeriphDriver_softfp.a(mxc_delay.o)
 .text.MXC_DelayAsync
                0x10000a94       0x3c c:/Users/DucminhN/Downloads/Software/max78000/Libraries/PeriphDrivers/bin/MAX78000/softfp/libPeriphDriver_softfp.a(mxc_delay.o)
                0x10000a94                MXC_DelayAsync
 .text.MXC_DelayAbort
                0x10000ad0       0x34 c:/Users/DucminhN/Downloads/Software/max78000/Libraries/PeriphDrivers/bin/MAX78000/softfp/libPeriphDriver_softfp.a(mxc_delay.o)
                0x10000ad0                MXC_DelayAbort
 .text.MXC_DelayCheck
                0x10000b04       0x58 c:/Users/DucminhN/Downloads/Software/max78000/Libraries/PeriphDrivers/bin/MAX78000/softfp/libPeriphDriver_softfp.a(mxc_delay.o)
                0x10000b04                MXC_DelayCheck
 .text.MXC_Delay
                0x10000b5c       0x4c c:/Users/DucminhN/Downloads/Software/max78000/Libraries/PeriphDrivers/bin/MAX78000/softfp/libPeriphDriver_softfp.a(mxc_delay.o)
                0x10000b5c                MXC_Delay
 .text.MXC_SYS_ClockDisable
                0x10000ba8       0x44 c:/Users/DucminhN/Downloads/Software/max78000/Libraries/PeriphDrivers/bin/MAX78000/softfp/libPeriphDriver_softfp.a(sys_ai85.o)
                0x10000ba8                MXC_SYS_ClockDisable
 .text.MXC_SYS_ClockEnable
                0x10000bec       0x4c c:/Users/DucminhN/Downloads/Software/max78000/Libraries/PeriphDrivers/bin/MAX78000/softfp/libPeriphDriver_softfp.a(sys_ai85.o)
                0x10000bec                MXC_SYS_ClockEnable
 .text.MXC_SYS_Clock_Timeout
                0x10000c38       0x2e c:/Users/DucminhN/Downloads/Software/max78000/Libraries/PeriphDrivers/bin/MAX78000/softfp/libPeriphDriver_softfp.a(sys_ai85.o)
                0x10000c38                MXC_SYS_Clock_Timeout
 .text.MXC_SYS_ClockSourceEnable
                0x10000c66       0x6c c:/Users/DucminhN/Downloads/Software/max78000/Libraries/PeriphDrivers/bin/MAX78000/softfp/libPeriphDriver_softfp.a(sys_ai85.o)
                0x10000c66                MXC_SYS_ClockSourceEnable
 *fill*         0x10000cd2        0x2 
 .text.MXC_SYS_Reset_Periph
                0x10000cd4       0x3c c:/Users/DucminhN/Downloads/Software/max78000/Libraries/PeriphDrivers/bin/MAX78000/softfp/libPeriphDriver_softfp.a(sys_ai85.o)
                0x10000cd4                MXC_SYS_Reset_Periph
 .text.MXC_GPIO_Init
                0x10000d10       0x28 c:/Users/DucminhN/Downloads/Software/max78000/Libraries/PeriphDrivers/bin/MAX78000/softfp/libPeriphDriver_softfp.a(gpio_ai85.o)
                0x10000d10                MXC_GPIO_Init
 .text.MXC_GPIO_Config
                0x10000d38      0x178 c:/Users/DucminhN/Downloads/Software/max78000/Libraries/PeriphDrivers/bin/MAX78000/softfp/libPeriphDriver_softfp.a(gpio_ai85.o)
                0x10000d38                MXC_GPIO_Config
 .text.MXC_GPIO_OutSet
                0x10000eb0       0x34 c:/Users/DucminhN/Downloads/Software/max78000/Libraries/PeriphDrivers/bin/MAX78000/softfp/libPeriphDriver_softfp.a(gpio_ai85.o)
                0x10000eb0                MXC_GPIO_OutSet
 .text.MXC_GPIO_Handler
                0x10000ee4        0x4 c:/Users/DucminhN/Downloads/Software/max78000/Libraries/PeriphDrivers/bin/MAX78000/softfp/libPeriphDriver_softfp.a(gpio_ai85.o)
                0x10000ee4                MXC_GPIO_Handler
 .text.MXC_GPIO_ClearFlags
                0x10000ee8        0x4 c:/Users/DucminhN/Downloads/Software/max78000/Libraries/PeriphDrivers/bin/MAX78000/softfp/libPeriphDriver_softfp.a(gpio_ai85.o)
                0x10000ee8                MXC_GPIO_ClearFlags
 .text.MXC_GPIO_GetFlags
                0x10000eec        0x4 c:/Users/DucminhN/Downloads/Software/max78000/Libraries/PeriphDrivers/bin/MAX78000/softfp/libPeriphDriver_softfp.a(gpio_ai85.o)
                0x10000eec                MXC_GPIO_GetFlags
 .text.MXC_GPIO_RevA_OutSet
                0x10000ef0        0x4 c:/Users/DucminhN/Downloads/Software/max78000/Libraries/PeriphDrivers/bin/MAX78000/softfp/libPeriphDriver_softfp.a(gpio_reva.o)
                0x10000ef0                MXC_GPIO_RevA_OutSet
 .text.MXC_GPIO_RevA_ClearFlags
                0x10000ef4        0x4 c:/Users/DucminhN/Downloads/Software/max78000/Libraries/PeriphDrivers/bin/MAX78000/softfp/libPeriphDriver_softfp.a(gpio_reva.o)
                0x10000ef4                MXC_GPIO_RevA_ClearFlags
 .text.MXC_GPIO_RevA_GetFlags
                0x10000ef8        0x4 c:/Users/DucminhN/Downloads/Software/max78000/Libraries/PeriphDrivers/bin/MAX78000/softfp/libPeriphDriver_softfp.a(gpio_reva.o)
                0x10000ef8                MXC_GPIO_RevA_GetFlags
 .text.MXC_GPIO_RevA_SetVSSEL
                0x10000efc       0x24 c:/Users/DucminhN/Downloads/Software/max78000/Libraries/PeriphDrivers/bin/MAX78000/softfp/libPeriphDriver_softfp.a(gpio_reva.o)
                0x10000efc                MXC_GPIO_RevA_SetVSSEL
 .text.MXC_GPIO_RevA_SetAF
                0x10000f20       0x3c c:/Users/DucminhN/Downloads/Software/max78000/Libraries/PeriphDrivers/bin/MAX78000/softfp/libPeriphDriver_softfp.a(gpio_reva.o)
                0x10000f20                MXC_GPIO_RevA_SetAF
 .text.MXC_UART_GetFrequency.part.0
                0x10000f5c       0x54 c:/Users/DucminhN/Downloads/Software/max78000/Libraries/PeriphDrivers/bin/MAX78000/softfp/libPeriphDriver_softfp.a(uart_ai85.o)
 .text.MXC_UART_Shutdown
                0x10000fb0       0x60 c:/Users/DucminhN/Downloads/Software/max78000/Libraries/PeriphDrivers/bin/MAX78000/softfp/libPeriphDriver_softfp.a(uart_ai85.o)
                0x10000fb0                MXC_UART_Shutdown
 .text.MXC_UART_Init
                0x10001010       0x98 c:/Users/DucminhN/Downloads/Software/max78000/Libraries/PeriphDrivers/bin/MAX78000/softfp/libPeriphDriver_softfp.a(uart_ai85.o)
                0x10001010                MXC_UART_Init
 .text.MXC_UART_SetFrequency
                0x100010a8       0xb8 c:/Users/DucminhN/Downloads/Software/max78000/Libraries/PeriphDrivers/bin/MAX78000/softfp/libPeriphDriver_softfp.a(uart_ai85.o)
                0x100010a8                MXC_UART_SetFrequency
 .text.MXC_UART_GetFrequency
                0x10001160       0x30 c:/Users/DucminhN/Downloads/Software/max78000/Libraries/PeriphDrivers/bin/MAX78000/softfp/libPeriphDriver_softfp.a(uart_ai85.o)
                0x10001160                MXC_UART_GetFrequency
 .text.MXC_UART_SetDataSize
                0x10001190        0x4 c:/Users/DucminhN/Downloads/Software/max78000/Libraries/PeriphDrivers/bin/MAX78000/softfp/libPeriphDriver_softfp.a(uart_ai85.o)
                0x10001190                MXC_UART_SetDataSize
 .text.MXC_UART_SetStopBits
                0x10001194        0x4 c:/Users/DucminhN/Downloads/Software/max78000/Libraries/PeriphDrivers/bin/MAX78000/softfp/libPeriphDriver_softfp.a(uart_ai85.o)
                0x10001194                MXC_UART_SetStopBits
 .text.MXC_UART_SetParity
                0x10001198        0x4 c:/Users/DucminhN/Downloads/Software/max78000/Libraries/PeriphDrivers/bin/MAX78000/softfp/libPeriphDriver_softfp.a(uart_ai85.o)
                0x10001198                MXC_UART_SetParity
 .text.MXC_UART_ReadCharacterRaw
                0x1000119c        0x4 c:/Users/DucminhN/Downloads/Software/max78000/Libraries/PeriphDrivers/bin/MAX78000/softfp/libPeriphDriver_softfp.a(uart_ai85.o)
                0x1000119c                MXC_UART_ReadCharacterRaw
 .text.MXC_UART_WriteCharacterRaw
                0x100011a0        0x4 c:/Users/DucminhN/Downloads/Software/max78000/Libraries/PeriphDrivers/bin/MAX78000/softfp/libPeriphDriver_softfp.a(uart_ai85.o)
                0x100011a0                MXC_UART_WriteCharacterRaw
 .text.MXC_UART_ReadCharacter
                0x100011a4        0x4 c:/Users/DucminhN/Downloads/Software/max78000/Libraries/PeriphDrivers/bin/MAX78000/softfp/libPeriphDriver_softfp.a(uart_ai85.o)
                0x100011a4                MXC_UART_ReadCharacter
 .text.MXC_UART_WriteCharacter
                0x100011a8        0x4 c:/Users/DucminhN/Downloads/Software/max78000/Libraries/PeriphDrivers/bin/MAX78000/softfp/libPeriphDriver_softfp.a(uart_ai85.o)
                0x100011a8                MXC_UART_WriteCharacter
 .text.MXC_UART_GetRXFIFOAvailable
                0x100011ac        0x4 c:/Users/DucminhN/Downloads/Software/max78000/Libraries/PeriphDrivers/bin/MAX78000/softfp/libPeriphDriver_softfp.a(uart_ai85.o)
                0x100011ac                MXC_UART_GetRXFIFOAvailable
 .text.MXC_UART_GetTXFIFOAvailable
                0x100011b0        0x4 c:/Users/DucminhN/Downloads/Software/max78000/Libraries/PeriphDrivers/bin/MAX78000/softfp/libPeriphDriver_softfp.a(uart_ai85.o)
                0x100011b0                MXC_UART_GetTXFIFOAvailable
 .text.MXC_UART_SetRXThreshold
                0x100011b4        0x4 c:/Users/DucminhN/Downloads/Software/max78000/Libraries/PeriphDrivers/bin/MAX78000/softfp/libPeriphDriver_softfp.a(uart_ai85.o)
                0x100011b4                MXC_UART_SetRXThreshold
 .text.MXC_UART_Common_ReadCharacter
                0x100011b8       0x18 c:/Users/DucminhN/Downloads/Software/max78000/Libraries/PeriphDrivers/bin/MAX78000/softfp/libPeriphDriver_softfp.a(uart_common.o)
                0x100011b8                MXC_UART_Common_ReadCharacter
 .text.MXC_UART_Common_WriteCharacter
                0x100011d0       0x1e c:/Users/DucminhN/Downloads/Software/max78000/Libraries/PeriphDrivers/bin/MAX78000/softfp/libPeriphDriver_softfp.a(uart_common.o)
                0x100011d0                MXC_UART_Common_WriteCharacter
 *fill*         0x100011ee        0x2 
 .text.MXC_UART_RevB_Init
                0x100011f0       0x68 c:/Users/DucminhN/Downloads/Software/max78000/Libraries/PeriphDrivers/bin/MAX78000/softfp/libPeriphDriver_softfp.a(uart_revb.o)
                0x100011f0                MXC_UART_RevB_Init
 .text.MXC_UART_RevB_SetFrequency
                0x10001258       0xa0 c:/Users/DucminhN/Downloads/Software/max78000/Libraries/PeriphDrivers/bin/MAX78000/softfp/libPeriphDriver_softfp.a(uart_revb.o)
                0x10001258                MXC_UART_RevB_SetFrequency
 .text.MXC_UART_RevB_GetFrequency
                0x100012f8       0x7c c:/Users/DucminhN/Downloads/Software/max78000/Libraries/PeriphDrivers/bin/MAX78000/softfp/libPeriphDriver_softfp.a(uart_revb.o)
                0x100012f8                MXC_UART_RevB_GetFrequency
 .text.MXC_UART_RevB_SetDataSize
                0x10001374       0x40 c:/Users/DucminhN/Downloads/Software/max78000/Libraries/PeriphDrivers/bin/MAX78000/softfp/libPeriphDriver_softfp.a(uart_revb.o)
                0x10001374                MXC_UART_RevB_SetDataSize
 .text.MXC_UART_RevB_SetStopBits
                0x100013b4       0x44 c:/Users/DucminhN/Downloads/Software/max78000/Libraries/PeriphDrivers/bin/MAX78000/softfp/libPeriphDriver_softfp.a(uart_revb.o)
                0x100013b4                MXC_UART_RevB_SetStopBits
 .text.MXC_UART_RevB_SetParity
                0x100013f8       0x94 c:/Users/DucminhN/Downloads/Software/max78000/Libraries/PeriphDrivers/bin/MAX78000/softfp/libPeriphDriver_softfp.a(uart_revb.o)
                0x100013f8                MXC_UART_RevB_SetParity
 .text.MXC_UART_RevB_ReadCharacterRaw
                0x1000148c       0x38 c:/Users/DucminhN/Downloads/Software/max78000/Libraries/PeriphDrivers/bin/MAX78000/softfp/libPeriphDriver_softfp.a(uart_revb.o)
                0x1000148c                MXC_UART_RevB_ReadCharacterRaw
 .text.MXC_UART_RevB_WriteCharacterRaw
                0x100014c4       0x3c c:/Users/DucminhN/Downloads/Software/max78000/Libraries/PeriphDrivers/bin/MAX78000/softfp/libPeriphDriver_softfp.a(uart_revb.o)
                0x100014c4                MXC_UART_RevB_WriteCharacterRaw
 .text.MXC_UART_RevB_GetRXFIFOAvailable
                0x10001500        0x8 c:/Users/DucminhN/Downloads/Software/max78000/Libraries/PeriphDrivers/bin/MAX78000/softfp/libPeriphDriver_softfp.a(uart_revb.o)
                0x10001500                MXC_UART_RevB_GetRXFIFOAvailable
 .text.MXC_UART_RevB_GetTXFIFOAvailable
                0x10001508        0xc c:/Users/DucminhN/Downloads/Software/max78000/Libraries/PeriphDrivers/bin/MAX78000/softfp/libPeriphDriver_softfp.a(uart_revb.o)
                0x10001508                MXC_UART_RevB_GetTXFIFOAvailable
 .text.MXC_UART_RevB_SetRXThreshold
                0x10001514       0x3c c:/Users/DucminhN/Downloads/Software/max78000/Libraries/PeriphDrivers/bin/MAX78000/softfp/libPeriphDriver_softfp.a(uart_revb.o)
                0x10001514                MXC_UART_RevB_SetRXThreshold
 .text.MXC_GPIO_Common_Init
                0x10001550       0x34 c:/Users/DucminhN/Downloads/Software/max78000/Libraries/PeriphDrivers/bin/MAX78000/softfp/libPeriphDriver_softfp.a(gpio_common.o)
                0x10001550                MXC_GPIO_Common_Init
 .text.MXC_GPIO_Common_Handler
                0x10001584       0x84 c:/Users/DucminhN/Downloads/Software/max78000/Libraries/PeriphDrivers/bin/MAX78000/softfp/libPeriphDriver_softfp.a(gpio_common.o)
                0x10001584                MXC_GPIO_Common_Handler
 .text.__errno  0x10001608        0xc c:/users/ducminhn/downloads/software/max78000/tools/gnutools/bin/../lib/gcc/arm-none-eabi/9.2.1/../../../../arm-none-eabi/lib/thumb/v7e-m+fp/softfp\libc.a(lib_a-errno.o)
                0x10001608                __errno
 .text.__libc_init_array
                0x10001614       0x48 c:/users/ducminhn/downloads/software/max78000/tools/gnutools/bin/../lib/gcc/arm-none-eabi/9.2.1/../../../../arm-none-eabi/lib/thumb/v7e-m+fp/softfp\libc.a(lib_a-init.o)
                0x10001614                __libc_init_array
 .text.malloc   0x1000165c       0x10 c:/users/ducminhn/downloads/software/max78000/tools/gnutools/bin/../lib/gcc/arm-none-eabi/9.2.1/../../../../arm-none-eabi/lib/thumb/v7e-m+fp/softfp\libc.a(lib_a-malloc.o)
                0x1000165c                malloc
 .text._malloc_r
                0x1000166c      0x574 c:/users/ducminhn/downloads/software/max78000/tools/gnutools/bin/../lib/gcc/arm-none-eabi/9.2.1/../../../../arm-none-eabi/lib/thumb/v7e-m+fp/softfp\libc.a(lib_a-mallocr.o)
                0x1000166c                _malloc_r
 .text          0x10001be0      0x134 c:/users/ducminhn/downloads/software/max78000/tools/gnutools/bin/../lib/gcc/arm-none-eabi/9.2.1/../../../../arm-none-eabi/lib/thumb/v7e-m+fp/softfp\libc.a(lib_a-memcpy.o)
                0x10001be0                memcpy
 .text.memset   0x10001d14       0xa0 c:/users/ducminhn/downloads/software/max78000/tools/gnutools/bin/../lib/gcc/arm-none-eabi/9.2.1/../../../../arm-none-eabi/lib/thumb/v7e-m+fp/softfp\libc.a(lib_a-memset.o)
                0x10001d14                memset
 .text.__malloc_lock
                0x10001db4        0xc c:/users/ducminhn/downloads/software/max78000/tools/gnutools/bin/../lib/gcc/arm-none-eabi/9.2.1/../../../../arm-none-eabi/lib/thumb/v7e-m+fp/softfp\libc.a(lib_a-mlock.o)
                0x10001db4                __malloc_lock
 .text.__malloc_unlock
                0x10001dc0        0xc c:/users/ducminhn/downloads/software/max78000/tools/gnutools/bin/../lib/gcc/arm-none-eabi/9.2.1/../../../../arm-none-eabi/lib/thumb/v7e-m+fp/softfp\libc.a(lib_a-mlock.o)
                0x10001dc0                __malloc_unlock
 .text.printf   0x10001dcc       0x28 c:/users/ducminhn/downloads/software/max78000/tools/gnutools/bin/../lib/gcc/arm-none-eabi/9.2.1/../../../../arm-none-eabi/lib/thumb/v7e-m+fp/softfp\libc.a(lib_a-printf.o)
                0x10001dcc                printf
 .text._puts_r  0x10001df4       0x9c c:/users/ducminhn/downloads/software/max78000/tools/gnutools/bin/../lib/gcc/arm-none-eabi/9.2.1/../../../../arm-none-eabi/lib/thumb/v7e-m+fp/softfp\libc.a(lib_a-puts.o)
                0x10001df4                _puts_r
 .text.puts     0x10001e90       0x10 c:/users/ducminhn/downloads/software/max78000/tools/gnutools/bin/../lib/gcc/arm-none-eabi/9.2.1/../../../../arm-none-eabi/lib/thumb/v7e-m+fp/softfp\libc.a(lib_a-puts.o)
                0x10001e90                puts
 .text._sbrk_r  0x10001ea0       0x24 c:/users/ducminhn/downloads/software/max78000/tools/gnutools/bin/../lib/gcc/arm-none-eabi/9.2.1/../../../../arm-none-eabi/lib/thumb/v7e-m+fp/softfp\libc.a(lib_a-sbrkr.o)
                0x10001ea0                _sbrk_r
 *fill*         0x10001ec4       0x3c 
 .text          0x10001f00       0xdc c:/users/ducminhn/downloads/software/max78000/tools/gnutools/bin/../lib/gcc/arm-none-eabi/9.2.1/../../../../arm-none-eabi/lib/thumb/v7e-m+fp/softfp\libc.a(lib_a-strlen.o)
                0x10001f00                strlen
 *fill*         0x10001fdc        0x4 
 .text._vfprintf_r
                0x10001fe0     0x1bdc c:/users/ducminhn/downloads/software/max78000/tools/gnutools/bin/../lib/gcc/arm-none-eabi/9.2.1/../../../../arm-none-eabi/lib/thumb/v7e-m+fp/softfp\libc.a(lib_a-vfprintf.o)
                0x10001fe0                _vfprintf_r
 .text.__sbprintf
                0x10003bbc       0x84 c:/users/ducminhn/downloads/software/max78000/tools/gnutools/bin/../lib/gcc/arm-none-eabi/9.2.1/../../../../arm-none-eabi/lib/thumb/v7e-m+fp/softfp\libc.a(lib_a-vfprintf.o)
 .text.__swsetup_r
                0x10003c40       0xd0 c:/users/ducminhn/downloads/software/max78000/tools/gnutools/bin/../lib/gcc/arm-none-eabi/9.2.1/../../../../arm-none-eabi/lib/thumb/v7e-m+fp/softfp\libc.a(lib_a-wsetup.o)
                0x10003c40                __swsetup_r
 .text.startup.register_fini
                0x10003d10       0x14 c:/users/ducminhn/downloads/software/max78000/tools/gnutools/bin/../lib/gcc/arm-none-eabi/9.2.1/../../../../arm-none-eabi/lib/thumb/v7e-m+fp/softfp\libc.a(lib_a-__call_atexit.o)
 .text.atexit   0x10003d24        0xc c:/users/ducminhn/downloads/software/max78000/tools/gnutools/bin/../lib/gcc/arm-none-eabi/9.2.1/../../../../arm-none-eabi/lib/thumb/v7e-m+fp/softfp\libc.a(lib_a-atexit.o)
                0x10003d24                atexit
 .text.quorem   0x10003d30      0x11c c:/users/ducminhn/downloads/software/max78000/tools/gnutools/bin/../lib/gcc/arm-none-eabi/9.2.1/../../../../arm-none-eabi/lib/thumb/v7e-m+fp/softfp\libc.a(lib_a-dtoa.o)
 *fill*         0x10003e4c        0x4 
 .text._dtoa_r  0x10003e50      0xeec c:/users/ducminhn/downloads/software/max78000/tools/gnutools/bin/../lib/gcc/arm-none-eabi/9.2.1/../../../../arm-none-eabi/lib/thumb/v7e-m+fp/softfp\libc.a(lib_a-dtoa.o)
                0x10003e50                _dtoa_r
 .text.__sflush_r
                0x10004d3c      0x130 c:/users/ducminhn/downloads/software/max78000/tools/gnutools/bin/../lib/gcc/arm-none-eabi/9.2.1/../../../../arm-none-eabi/lib/thumb/v7e-m+fp/softfp\libc.a(lib_a-fflush.o)
                0x10004d3c                __sflush_r
 .text._fflush_r
                0x10004e6c       0x5c c:/users/ducminhn/downloads/software/max78000/tools/gnutools/bin/../lib/gcc/arm-none-eabi/9.2.1/../../../../arm-none-eabi/lib/thumb/v7e-m+fp/softfp\libc.a(lib_a-fflush.o)
                0x10004e6c                _fflush_r
 .text.std      0x10004ec8       0x50 c:/users/ducminhn/downloads/software/max78000/tools/gnutools/bin/../lib/gcc/arm-none-eabi/9.2.1/../../../../arm-none-eabi/lib/thumb/v7e-m+fp/softfp\libc.a(lib_a-findfp.o)
 .text._cleanup_r
                0x10004f18        0xc c:/users/ducminhn/downloads/software/max78000/tools/gnutools/bin/../lib/gcc/arm-none-eabi/9.2.1/../../../../arm-none-eabi/lib/thumb/v7e-m+fp/softfp\libc.a(lib_a-findfp.o)
                0x10004f18                _cleanup_r
 .text.__sinit  0x10004f24       0x54 c:/users/ducminhn/downloads/software/max78000/tools/gnutools/bin/../lib/gcc/arm-none-eabi/9.2.1/../../../../arm-none-eabi/lib/thumb/v7e-m+fp/softfp\libc.a(lib_a-findfp.o)
                0x10004f24                __sinit
 .text.__sfp_lock_acquire
                0x10004f78        0xc c:/users/ducminhn/downloads/software/max78000/tools/gnutools/bin/../lib/gcc/arm-none-eabi/9.2.1/../../../../arm-none-eabi/lib/thumb/v7e-m+fp/softfp\libc.a(lib_a-findfp.o)
                0x10004f78                __sfp_lock_acquire
 .text.__sfp_lock_release
                0x10004f84        0xc c:/users/ducminhn/downloads/software/max78000/tools/gnutools/bin/../lib/gcc/arm-none-eabi/9.2.1/../../../../arm-none-eabi/lib/thumb/v7e-m+fp/softfp\libc.a(lib_a-findfp.o)
                0x10004f84                __sfp_lock_release
 .text.__libc_fini_array
                0x10004f90       0x2c c:/users/ducminhn/downloads/software/max78000/tools/gnutools/bin/../lib/gcc/arm-none-eabi/9.2.1/../../../../arm-none-eabi/lib/thumb/v7e-m+fp/softfp\libc.a(lib_a-fini.o)
                0x10004f90                __libc_fini_array
 .text._malloc_trim_r
                0x10004fbc       0xa0 c:/users/ducminhn/downloads/software/max78000/tools/gnutools/bin/../lib/gcc/arm-none-eabi/9.2.1/../../../../arm-none-eabi/lib/thumb/v7e-m+fp/softfp\libc.a(lib_a-freer.o)
                0x10004fbc                _malloc_trim_r
 .text._free_r  0x1000505c      0x208 c:/users/ducminhn/downloads/software/max78000/tools/gnutools/bin/../lib/gcc/arm-none-eabi/9.2.1/../../../../arm-none-eabi/lib/thumb/v7e-m+fp/softfp\libc.a(lib_a-freer.o)
                0x1000505c                _free_r
 .text.__sfvwrite_r
                0x10005264      0x2e0 c:/users/ducminhn/downloads/software/max78000/tools/gnutools/bin/../lib/gcc/arm-none-eabi/9.2.1/../../../../arm-none-eabi/lib/thumb/v7e-m+fp/softfp\libc.a(lib_a-fvwrite.o)
                0x10005264                __sfvwrite_r
 .text._fwalk_reent
                0x10005544       0x48 c:/users/ducminhn/downloads/software/max78000/tools/gnutools/bin/../lib/gcc/arm-none-eabi/9.2.1/../../../../arm-none-eabi/lib/thumb/v7e-m+fp/softfp\libc.a(lib_a-fwalk.o)
                0x10005544                _fwalk_reent
 .text._localeconv_r
                0x1000558c        0x8 c:/users/ducminhn/downloads/software/max78000/tools/gnutools/bin/../lib/gcc/arm-none-eabi/9.2.1/../../../../arm-none-eabi/lib/thumb/v7e-m+fp/softfp\libc.a(lib_a-localeconv.o)
                0x1000558c                _localeconv_r
 .text.__retarget_lock_init_recursive
                0x10005594        0x4 c:/users/ducminhn/downloads/software/max78000/tools/gnutools/bin/../lib/gcc/arm-none-eabi/9.2.1/../../../../arm-none-eabi/lib/thumb/v7e-m+fp/softfp\libc.a(lib_a-lock.o)
                0x10005594                __retarget_lock_init_recursive
 .text.__retarget_lock_close_recursive
                0x10005598        0x4 c:/users/ducminhn/downloads/software/max78000/tools/gnutools/bin/../lib/gcc/arm-none-eabi/9.2.1/../../../../arm-none-eabi/lib/thumb/v7e-m+fp/softfp\libc.a(lib_a-lock.o)
                0x10005598                __retarget_lock_close_recursive
 .text.__retarget_lock_acquire_recursive
                0x1000559c        0x4 c:/users/ducminhn/downloads/software/max78000/tools/gnutools/bin/../lib/gcc/arm-none-eabi/9.2.1/../../../../arm-none-eabi/lib/thumb/v7e-m+fp/softfp\libc.a(lib_a-lock.o)
                0x1000559c                __retarget_lock_acquire_recursive
 .text.__retarget_lock_release_recursive
                0x100055a0        0x4 c:/users/ducminhn/downloads/software/max78000/tools/gnutools/bin/../lib/gcc/arm-none-eabi/9.2.1/../../../../arm-none-eabi/lib/thumb/v7e-m+fp/softfp\libc.a(lib_a-lock.o)
                0x100055a0                __retarget_lock_release_recursive
 .text.__swhatbuf_r
                0x100055a4       0x5c c:/users/ducminhn/downloads/software/max78000/tools/gnutools/bin/../lib/gcc/arm-none-eabi/9.2.1/../../../../arm-none-eabi/lib/thumb/v7e-m+fp/softfp\libc.a(lib_a-makebuf.o)
                0x100055a4                __swhatbuf_r
 .text.__smakebuf_r
                0x10005600       0x98 c:/users/ducminhn/downloads/software/max78000/tools/gnutools/bin/../lib/gcc/arm-none-eabi/9.2.1/../../../../arm-none-eabi/lib/thumb/v7e-m+fp/softfp\libc.a(lib_a-makebuf.o)
                0x10005600                __smakebuf_r
 *fill*         0x10005698        0x8 
 .text          0x100056a0       0xa0 c:/users/ducminhn/downloads/software/max78000/tools/gnutools/bin/../lib/gcc/arm-none-eabi/9.2.1/../../../../arm-none-eabi/lib/thumb/v7e-m+fp/softfp\libc.a(lib_a-memchr.o)
                0x100056a0                memchr
 .text.memmove  0x10005740       0xd8 c:/users/ducminhn/downloads/software/max78000/tools/gnutools/bin/../lib/gcc/arm-none-eabi/9.2.1/../../../../arm-none-eabi/lib/thumb/v7e-m+fp/softfp\libc.a(lib_a-memmove.o)
                0x10005740                memmove
 .text._Balloc  0x10005818       0x4c c:/users/ducminhn/downloads/software/max78000/tools/gnutools/bin/../lib/gcc/arm-none-eabi/9.2.1/../../../../arm-none-eabi/lib/thumb/v7e-m+fp/softfp\libc.a(lib_a-mprec.o)
                0x10005818                _Balloc
 .text._Bfree   0x10005864       0x14 c:/users/ducminhn/downloads/software/max78000/tools/gnutools/bin/../lib/gcc/arm-none-eabi/9.2.1/../../../../arm-none-eabi/lib/thumb/v7e-m+fp/softfp\libc.a(lib_a-mprec.o)
                0x10005864                _Bfree
 .text.__multadd
                0x10005878       0x8c c:/users/ducminhn/downloads/software/max78000/tools/gnutools/bin/../lib/gcc/arm-none-eabi/9.2.1/../../../../arm-none-eabi/lib/thumb/v7e-m+fp/softfp\libc.a(lib_a-mprec.o)
                0x10005878                __multadd
 .text.__hi0bits
                0x10005904       0x40 c:/users/ducminhn/downloads/software/max78000/tools/gnutools/bin/../lib/gcc/arm-none-eabi/9.2.1/../../../../arm-none-eabi/lib/thumb/v7e-m+fp/softfp\libc.a(lib_a-mprec.o)
                0x10005904                __hi0bits
 .text.__lo0bits
                0x10005944       0x60 c:/users/ducminhn/downloads/software/max78000/tools/gnutools/bin/../lib/gcc/arm-none-eabi/9.2.1/../../../../arm-none-eabi/lib/thumb/v7e-m+fp/softfp\libc.a(lib_a-mprec.o)
                0x10005944                __lo0bits
 .text.__i2b    0x100059a4       0x14 c:/users/ducminhn/downloads/software/max78000/tools/gnutools/bin/../lib/gcc/arm-none-eabi/9.2.1/../../../../arm-none-eabi/lib/thumb/v7e-m+fp/softfp\libc.a(lib_a-mprec.o)
                0x100059a4                __i2b
 .text.__multiply
                0x100059b8      0x144 c:/users/ducminhn/downloads/software/max78000/tools/gnutools/bin/../lib/gcc/arm-none-eabi/9.2.1/../../../../arm-none-eabi/lib/thumb/v7e-m+fp/softfp\libc.a(lib_a-mprec.o)
                0x100059b8                __multiply
 .text.__pow5mult
                0x10005afc       0xa0 c:/users/ducminhn/downloads/software/max78000/tools/gnutools/bin/../lib/gcc/arm-none-eabi/9.2.1/../../../../arm-none-eabi/lib/thumb/v7e-m+fp/softfp\libc.a(lib_a-mprec.o)
                0x10005afc                __pow5mult
 .text.__lshift
                0x10005b9c       0xd4 c:/users/ducminhn/downloads/software/max78000/tools/gnutools/bin/../lib/gcc/arm-none-eabi/9.2.1/../../../../arm-none-eabi/lib/thumb/v7e-m+fp/softfp\libc.a(lib_a-mprec.o)
                0x10005b9c                __lshift
 .text.__mcmp   0x10005c70       0x3c c:/users/ducminhn/downloads/software/max78000/tools/gnutools/bin/../lib/gcc/arm-none-eabi/9.2.1/../../../../arm-none-eabi/lib/thumb/v7e-m+fp/softfp\libc.a(lib_a-mprec.o)
                0x10005c70                __mcmp
 .text.__mdiff  0x10005cac      0x138 c:/users/ducminhn/downloads/software/max78000/tools/gnutools/bin/../lib/gcc/arm-none-eabi/9.2.1/../../../../arm-none-eabi/lib/thumb/v7e-m+fp/softfp\libc.a(lib_a-mprec.o)
                0x10005cac                __mdiff
 .text.__d2b    0x10005de4       0xbc c:/users/ducminhn/downloads/software/max78000/tools/gnutools/bin/../lib/gcc/arm-none-eabi/9.2.1/../../../../arm-none-eabi/lib/thumb/v7e-m+fp/softfp\libc.a(lib_a-mprec.o)
                0x10005de4                __d2b
 .text._realloc_r
                0x10005ea0      0x3e0 c:/users/ducminhn/downloads/software/max78000/tools/gnutools/bin/../lib/gcc/arm-none-eabi/9.2.1/../../../../arm-none-eabi/lib/thumb/v7e-m+fp/softfp\libc.a(lib_a-reallocr.o)
                0x10005ea0                _realloc_r
 .text.frexp    0x10006280       0x70 c:/users/ducminhn/downloads/software/max78000/tools/gnutools/bin/../lib/gcc/arm-none-eabi/9.2.1/../../../../arm-none-eabi/lib/thumb/v7e-m+fp/softfp\libc.a(lib_a-s_frexp.o)
                0x10006280                frexp
 .text.__sread  0x100062f0       0x24 c:/users/ducminhn/downloads/software/max78000/tools/gnutools/bin/../lib/gcc/arm-none-eabi/9.2.1/../../../../arm-none-eabi/lib/thumb/v7e-m+fp/softfp\libc.a(lib_a-stdio.o)
                0x100062f0                __sread
 .text.__swrite
                0x10006314       0x40 c:/users/ducminhn/downloads/software/max78000/tools/gnutools/bin/../lib/gcc/arm-none-eabi/9.2.1/../../../../arm-none-eabi/lib/thumb/v7e-m+fp/softfp\libc.a(lib_a-stdio.o)
                0x10006314                __swrite
 .text.__sseek  0x10006354       0x20 c:/users/ducminhn/downloads/software/max78000/tools/gnutools/bin/../lib/gcc/arm-none-eabi/9.2.1/../../../../arm-none-eabi/lib/thumb/v7e-m+fp/softfp\libc.a(lib_a-stdio.o)
                0x10006354                __sseek
 .text.__sclose
                0x10006374        0x8 c:/users/ducminhn/downloads/software/max78000/tools/gnutools/bin/../lib/gcc/arm-none-eabi/9.2.1/../../../../arm-none-eabi/lib/thumb/v7e-m+fp/softfp\libc.a(lib_a-stdio.o)
                0x10006374                __sclose
 .text.strncpy  0x1000637c       0x68 c:/users/ducminhn/downloads/software/max78000/tools/gnutools/bin/../lib/gcc/arm-none-eabi/9.2.1/../../../../arm-none-eabi/lib/thumb/v7e-m+fp/softfp\libc.a(lib_a-strncpy.o)
                0x1000637c                strncpy
 .text.__sprint_r.part.0
                0x100063e4       0x78 c:/users/ducminhn/downloads/software/max78000/tools/gnutools/bin/../lib/gcc/arm-none-eabi/9.2.1/../../../../arm-none-eabi/lib/thumb/v7e-m+fp/softfp\libc.a(lib_a-vfiprintf.o)
 .text.__sprint_r
                0x1000645c       0x18 c:/users/ducminhn/downloads/software/max78000/tools/gnutools/bin/../lib/gcc/arm-none-eabi/9.2.1/../../../../arm-none-eabi/lib/thumb/v7e-m+fp/softfp\libc.a(lib_a-vfiprintf.o)
                0x1000645c                __sprint_r
 .text._write_r
                0x10006474       0x2c c:/users/ducminhn/downloads/software/max78000/tools/gnutools/bin/../lib/gcc/arm-none-eabi/9.2.1/../../../../arm-none-eabi/lib/thumb/v7e-m+fp/softfp\libc.a(lib_a-writer.o)
                0x10006474                _write_r
 .text.__register_exitproc
                0x100064a0       0x8c c:/users/ducminhn/downloads/software/max78000/tools/gnutools/bin/../lib/gcc/arm-none-eabi/9.2.1/../../../../arm-none-eabi/lib/thumb/v7e-m+fp/softfp\libc.a(lib_a-__atexit.o)
                0x100064a0                __register_exitproc
 .text._calloc_r
                0x1000652c       0x60 c:/users/ducminhn/downloads/software/max78000/tools/gnutools/bin/../lib/gcc/arm-none-eabi/9.2.1/../../../../arm-none-eabi/lib/thumb/v7e-m+fp/softfp\libc.a(lib_a-callocr.o)
                0x1000652c                _calloc_r
 .text._close_r
                0x1000658c       0x24 c:/users/ducminhn/downloads/software/max78000/tools/gnutools/bin/../lib/gcc/arm-none-eabi/9.2.1/../../../../arm-none-eabi/lib/thumb/v7e-m+fp/softfp\libc.a(lib_a-closer.o)
                0x1000658c                _close_r
 .text._fclose_r
                0x100065b0       0xcc c:/users/ducminhn/downloads/software/max78000/tools/gnutools/bin/../lib/gcc/arm-none-eabi/9.2.1/../../../../arm-none-eabi/lib/thumb/v7e-m+fp/softfp\libc.a(lib_a-fclose.o)
                0x100065b0                _fclose_r
 .text.__fputwc
                0x1000667c       0xa8 c:/users/ducminhn/downloads/software/max78000/tools/gnutools/bin/../lib/gcc/arm-none-eabi/9.2.1/../../../../arm-none-eabi/lib/thumb/v7e-m+fp/softfp\libc.a(lib_a-fputwc.o)
                0x1000667c                __fputwc
 .text._fputwc_r
                0x10006724       0x68 c:/users/ducminhn/downloads/software/max78000/tools/gnutools/bin/../lib/gcc/arm-none-eabi/9.2.1/../../../../arm-none-eabi/lib/thumb/v7e-m+fp/softfp\libc.a(lib_a-fputwc.o)
                0x10006724                _fputwc_r
 .text._fstat_r
                0x1000678c       0x2c c:/users/ducminhn/downloads/software/max78000/tools/gnutools/bin/../lib/gcc/arm-none-eabi/9.2.1/../../../../arm-none-eabi/lib/thumb/v7e-m+fp/softfp\libc.a(lib_a-fstatr.o)
                0x1000678c                _fstat_r
 .text._isatty_r
                0x100067b8       0x24 c:/users/ducminhn/downloads/software/max78000/tools/gnutools/bin/../lib/gcc/arm-none-eabi/9.2.1/../../../../arm-none-eabi/lib/thumb/v7e-m+fp/softfp\libc.a(lib_a-isattyr.o)
                0x100067b8                _isatty_r
 .text.__locale_mb_cur_max
                0x100067dc        0xc c:/users/ducminhn/downloads/software/max78000/tools/gnutools/bin/../lib/gcc/arm-none-eabi/9.2.1/../../../../arm-none-eabi/lib/thumb/v7e-m+fp/softfp\libc.a(lib_a-locale.o)
                0x100067dc                __locale_mb_cur_max
 .text._lseek_r
                0x100067e8       0x2c c:/users/ducminhn/downloads/software/max78000/tools/gnutools/bin/../lib/gcc/arm-none-eabi/9.2.1/../../../../arm-none-eabi/lib/thumb/v7e-m+fp/softfp\libc.a(lib_a-lseekr.o)
                0x100067e8                _lseek_r
 .text.__ascii_mbtowc
                0x10006814       0x2c c:/users/ducminhn/downloads/software/max78000/tools/gnutools/bin/../lib/gcc/arm-none-eabi/9.2.1/../../../../arm-none-eabi/lib/thumb/v7e-m+fp/softfp\libc.a(lib_a-mbtowc_r.o)
                0x10006814                __ascii_mbtowc
 .text._read_r  0x10006840       0x2c c:/users/ducminhn/downloads/software/max78000/tools/gnutools/bin/../lib/gcc/arm-none-eabi/9.2.1/../../../../arm-none-eabi/lib/thumb/v7e-m+fp/softfp\libc.a(lib_a-readr.o)
                0x10006840                _read_r
 .text.__swbuf_r
                0x1000686c       0xb0 c:/users/ducminhn/downloads/software/max78000/tools/gnutools/bin/../lib/gcc/arm-none-eabi/9.2.1/../../../../arm-none-eabi/lib/thumb/v7e-m+fp/softfp\libc.a(lib_a-wbuf.o)
                0x1000686c                __swbuf_r
 .text._wcrtomb_r
                0x1000691c       0x3c c:/users/ducminhn/downloads/software/max78000/tools/gnutools/bin/../lib/gcc/arm-none-eabi/9.2.1/../../../../arm-none-eabi/lib/thumb/v7e-m+fp/softfp\libc.a(lib_a-wcrtomb.o)
                0x1000691c                _wcrtomb_r
 .text.__ascii_wctomb
                0x10006958       0x1c c:/users/ducminhn/downloads/software/max78000/tools/gnutools/bin/../lib/gcc/arm-none-eabi/9.2.1/../../../../arm-none-eabi/lib/thumb/v7e-m+fp/softfp\libc.a(lib_a-wctomb_r.o)
                0x10006958                __ascii_wctomb
 .text          0x10006974      0x378 c:/users/ducminhn/downloads/software/max78000/tools/gnutools/bin/../lib/gcc/arm-none-eabi/9.2.1/thumb/v7e-m+fp/softfp\libgcc.a(_arm_addsubdf3.o)
                0x10006974                __aeabi_drsub
                0x1000697c                __aeabi_dsub
                0x1000697c                __subdf3
                0x10006980                __aeabi_dadd
                0x10006980                __adddf3
                0x10006bf8                __floatunsidf
                0x10006bf8                __aeabi_ui2d
                0x10006c18                __floatsidf
                0x10006c18                __aeabi_i2d
                0x10006c3c                __aeabi_f2d
                0x10006c3c                __extendsfdf2
                0x10006c80                __floatundidf
                0x10006c80                __aeabi_ul2d
                0x10006c90                __floatdidf
                0x10006c90                __aeabi_l2d
 .text          0x10006cec      0x424 c:/users/ducminhn/downloads/software/max78000/tools/gnutools/bin/../lib/gcc/arm-none-eabi/9.2.1/thumb/v7e-m+fp/softfp\libgcc.a(_arm_muldivdf3.o)
                0x10006cec                __aeabi_dmul
                0x10006cec                __muldf3
                0x10006f40                __divdf3
                0x10006f40                __aeabi_ddiv
 .text          0x10007110      0x110 c:/users/ducminhn/downloads/software/max78000/tools/gnutools/bin/../lib/gcc/arm-none-eabi/9.2.1/thumb/v7e-m+fp/softfp\libgcc.a(_arm_cmpdf2.o)
                0x10007110                __gtdf2
                0x10007110                __gedf2
                0x10007118                __ltdf2
                0x10007118                __ledf2
                0x10007120                __nedf2
                0x10007120                __eqdf2
                0x10007120                __cmpdf2
                0x1000719c                __aeabi_cdrcmple
                0x100071ac                __aeabi_cdcmpeq
                0x100071ac                __aeabi_cdcmple
                0x100071bc                __aeabi_dcmpeq
                0x100071d0                __aeabi_dcmplt
                0x100071e4                __aeabi_dcmple
                0x100071f8                __aeabi_dcmpge
                0x1000720c                __aeabi_dcmpgt
 .text          0x10007220       0x2c c:/users/ducminhn/downloads/software/max78000/tools/gnutools/bin/../lib/gcc/arm-none-eabi/9.2.1/thumb/v7e-m+fp/softfp\libgcc.a(_arm_unorddf2.o)
                0x10007220                __unorddf2
                0x10007220                __aeabi_dcmpun
 .text          0x1000724c       0x50 c:/users/ducminhn/downloads/software/max78000/tools/gnutools/bin/../lib/gcc/arm-none-eabi/9.2.1/thumb/v7e-m+fp/softfp\libgcc.a(_arm_fixdfsi.o)
                0x1000724c                __aeabi_d2iz
                0x1000724c                __fixdfsi
 .text          0x1000729c       0x30 c:/users/ducminhn/downloads/software/max78000/tools/gnutools/bin/../lib/gcc/arm-none-eabi/9.2.1/thumb/v7e-m+fp/softfp\libgcc.a(_aeabi_uldivmod.o)
                0x1000729c                __aeabi_uldivmod
 .text          0x100072cc      0x2c4 c:/users/ducminhn/downloads/software/max78000/tools/gnutools/bin/../lib/gcc/arm-none-eabi/9.2.1/thumb/v7e-m+fp/softfp\libgcc.a(_udivmoddi4.o)
                0x100072cc                __udivmoddi4
 .text          0x10007590        0x4 c:/users/ducminhn/downloads/software/max78000/tools/gnutools/bin/../lib/gcc/arm-none-eabi/9.2.1/thumb/v7e-m+fp/softfp\libgcc.a(_dvmd_tls.o)
                0x10007590                __aeabi_idiv0
                0x10007590                __aeabi_ldiv0
 *(.rodata*)
 .rodata.main.str1.1
                0x10007594       0xb8 c:/Users/DucminhN/Downloads/Software/max78000/work_space/ann/build/main.o
 .rodata        0x1000764c      0xd8c c:/Users/DucminhN/Downloads/Software/max78000/work_space/ann/build/main.o
 .rodata.mxc_assert.str1.1
                0x100083d8       0x19 c:/Users/DucminhN/Downloads/Software/max78000/work_space/ann/build/board.o
 .rodata.Board_Init.str1.1
                0x100083f1       0x66 c:/Users/DucminhN/Downloads/Software/max78000/work_space/ann/build/board.o
 *fill*         0x10008457        0x1 
 .rodata.led_pin
                0x10008458       0x24 c:/Users/DucminhN/Downloads/Software/max78000/work_space/ann/build/board.o
                0x10008458                led_pin
 .rodata.num_leds
                0x1000847c        0x4 c:/Users/DucminhN/Downloads/Software/max78000/work_space/ann/build/board.o
                0x1000847c                num_leds
 .rodata.num_pbs
                0x10008480        0x4 c:/Users/DucminhN/Downloads/Software/max78000/work_space/ann/build/board.o
                0x10008480                num_pbs
 .rodata.pb_pin
                0x10008484       0x18 c:/Users/DucminhN/Downloads/Software/max78000/work_space/ann/build/board.o
                0x10008484                pb_pin
 .rodata.LED_On.str1.1
                0x1000849c       0x71 c:/Users/DucminhN/Downloads/Software/max78000/work_space/ann/build/led.o
 *fill*         0x1000850d        0x3 
 .rodata.gpio_cfg_uart0
                0x10008510        0xc c:/Users/DucminhN/Downloads/Software/max78000/Libraries/PeriphDrivers/bin/MAX78000/softfp/libPeriphDriver_softfp.a(pins_ai85.o)
                0x10008510                gpio_cfg_uart0
 .rodata.gpio_cfg_uart1
                0x1000851c        0xc c:/Users/DucminhN/Downloads/Software/max78000/Libraries/PeriphDrivers/bin/MAX78000/softfp/libPeriphDriver_softfp.a(pins_ai85.o)
                0x1000851c                gpio_cfg_uart1
 .rodata.gpio_cfg_uart2
                0x10008528        0xc c:/Users/DucminhN/Downloads/Software/max78000/Libraries/PeriphDrivers/bin/MAX78000/softfp/libPeriphDriver_softfp.a(pins_ai85.o)
                0x10008528                gpio_cfg_uart2
 .rodata.gpio_cfg_uart3
                0x10008534        0xc c:/Users/DucminhN/Downloads/Software/max78000/Libraries/PeriphDrivers/bin/MAX78000/softfp/libPeriphDriver_softfp.a(pins_ai85.o)
                0x10008534                gpio_cfg_uart3
 .rodata.MXC_GPIO_Common_Handler.str1.1
                0x10008540       0x7e c:/Users/DucminhN/Downloads/Software/max78000/Libraries/PeriphDrivers/bin/MAX78000/softfp/libPeriphDriver_softfp.a(gpio_common.o)
 *fill*         0x100085be        0x2 
 .rodata._global_impure_ptr
                0x100085c0        0x4 c:/users/ducminhn/downloads/software/max78000/tools/gnutools/bin/../lib/gcc/arm-none-eabi/9.2.1/../../../../arm-none-eabi/lib/thumb/v7e-m+fp/softfp\libc.a(lib_a-impure.o)
                0x100085c0                _global_impure_ptr
 .rodata._puts_r.str1.4
                0x100085c4        0x2 c:/users/ducminhn/downloads/software/max78000/tools/gnutools/bin/../lib/gcc/arm-none-eabi/9.2.1/../../../../arm-none-eabi/lib/thumb/v7e-m+fp/softfp\libc.a(lib_a-puts.o)
 *fill*         0x100085c6        0x2 
 .rodata._vfprintf_r.str1.4
                0x100085c8       0x42 c:/users/ducminhn/downloads/software/max78000/tools/gnutools/bin/../lib/gcc/arm-none-eabi/9.2.1/../../../../arm-none-eabi/lib/thumb/v7e-m+fp/softfp\libc.a(lib_a-vfprintf.o)
 *fill*         0x1000860a        0x2 
 .rodata.blanks.8723
                0x1000860c       0x10 c:/users/ducminhn/downloads/software/max78000/tools/gnutools/bin/../lib/gcc/arm-none-eabi/9.2.1/../../../../arm-none-eabi/lib/thumb/v7e-m+fp/softfp\libc.a(lib_a-vfprintf.o)
 .rodata.zeroes.8724
                0x1000861c       0x10 c:/users/ducminhn/downloads/software/max78000/tools/gnutools/bin/../lib/gcc/arm-none-eabi/9.2.1/../../../../arm-none-eabi/lib/thumb/v7e-m+fp/softfp\libc.a(lib_a-vfprintf.o)
 .rodata._dtoa_r.str1.4
                0x1000862c        0xd c:/users/ducminhn/downloads/software/max78000/tools/gnutools/bin/../lib/gcc/arm-none-eabi/9.2.1/../../../../arm-none-eabi/lib/thumb/v7e-m+fp/softfp\libc.a(lib_a-dtoa.o)
                                 0x12 (size before relaxing)
 *fill*         0x10008639        0x7 
 .rodata.__mprec_bigtens
                0x10008640       0x28 c:/users/ducminhn/downloads/software/max78000/tools/gnutools/bin/../lib/gcc/arm-none-eabi/9.2.1/../../../../arm-none-eabi/lib/thumb/v7e-m+fp/softfp\libc.a(lib_a-mprec.o)
                0x10008640                __mprec_bigtens
 .rodata.__mprec_tens
                0x10008668       0xc8 c:/users/ducminhn/downloads/software/max78000/tools/gnutools/bin/../lib/gcc/arm-none-eabi/9.2.1/../../../../arm-none-eabi/lib/thumb/v7e-m+fp/softfp\libc.a(lib_a-mprec.o)
                0x10008668                __mprec_tens
 .rodata.p05.7478
                0x10008730        0xc c:/users/ducminhn/downloads/software/max78000/tools/gnutools/bin/../lib/gcc/arm-none-eabi/9.2.1/../../../../arm-none-eabi/lib/thumb/v7e-m+fp/softfp\libc.a(lib_a-mprec.o)
 .rodata._setlocale_r.str1.4
                0x1000873c        0xa c:/users/ducminhn/downloads/software/max78000/tools/gnutools/bin/../lib/gcc/arm-none-eabi/9.2.1/../../../../arm-none-eabi/lib/thumb/v7e-m+fp/softfp\libc.a(lib_a-locale.o)
                                  0xd (size before relaxing)
 *fill*         0x10008746        0x2 
 .rodata.str1.4
                0x10008748        0x2 c:/users/ducminhn/downloads/software/max78000/tools/gnutools/bin/../lib/gcc/arm-none-eabi/9.2.1/../../../../arm-none-eabi/lib/thumb/v7e-m+fp/softfp\libc.a(lib_a-locale.o)
 *fill*         0x1000874a        0x2 
 .rodata._ctype_
                0x1000874c      0x101 c:/users/ducminhn/downloads/software/max78000/tools/gnutools/bin/../lib/gcc/arm-none-eabi/9.2.1/../../../../arm-none-eabi/lib/thumb/v7e-m+fp/softfp\libc.a(lib_a-ctype_.o)
                0x1000874c                _ctype_
 *(.init)
 *fill*         0x1000884d        0x3 
 .init          0x10008850        0x4 c:/users/ducminhn/downloads/software/max78000/tools/gnutools/bin/../lib/gcc/arm-none-eabi/9.2.1/thumb/v7e-m+fp/softfp/crti.o
                0x10008850                _init
 .init          0x10008854        0x8 c:/users/ducminhn/downloads/software/max78000/tools/gnutools/bin/../lib/gcc/arm-none-eabi/9.2.1/thumb/v7e-m+fp/softfp/crtn.o
 *(.fini)
 .fini          0x1000885c        0x4 c:/users/ducminhn/downloads/software/max78000/tools/gnutools/bin/../lib/gcc/arm-none-eabi/9.2.1/thumb/v7e-m+fp/softfp/crti.o
                0x1000885c                _fini
 .fini          0x10008860        0x8 c:/users/ducminhn/downloads/software/max78000/tools/gnutools/bin/../lib/gcc/arm-none-eabi/9.2.1/thumb/v7e-m+fp/softfp/crtn.o
 *(.eh_frame*)
 .eh_frame      0x10008868        0x0 c:/users/ducminhn/downloads/software/max78000/tools/gnutools/bin/../lib/gcc/arm-none-eabi/9.2.1/thumb/v7e-m+fp/softfp/crtbegin.o
 .eh_frame      0x10008868        0x4 c:/users/ducminhn/downloads/software/max78000/tools/gnutools/bin/../lib/gcc/arm-none-eabi/9.2.1/thumb/v7e-m+fp/softfp/crtend.o
                0x1000886c                _etext = .

.glue_7         0x1000886c        0x0
 .glue_7        0x1000886c        0x0 linker stubs

.glue_7t        0x1000886c        0x0
 .glue_7t       0x1000886c        0x0 linker stubs

.vfp11_veneer   0x1000886c        0x0
 .vfp11_veneer  0x1000886c        0x0 linker stubs

.v4_bx          0x1000886c        0x0
 .v4_bx         0x1000886c        0x0 linker stubs

.iplt           0x1000886c        0x0
 .iplt          0x1000886c        0x0 c:/users/ducminhn/downloads/software/max78000/tools/gnutools/bin/../lib/gcc/arm-none-eabi/9.2.1/thumb/v7e-m+fp/softfp/crtbegin.o

.bin_storage    0x1000886c        0x0
 FILL mask 0xff
                0x1000886c                _bin_start_ = .
 *(.bin_storage_img)
                0x1000886c                _bin_end_ = .
                0x1000886c                . = ALIGN (0x4)

.rom_code       0x00000000        0x0
                0x00000000                . = ALIGN (0x10)
                0x20000000                _sran_code = .
 *(.rom_code_section)
                0x20000000                _esran_code = .

.flash_code     0x1000886c        0x4
                0x10008870                . = ALIGN (0x10)
 *fill*         0x1000886c        0x4 
                0x20000000                _sran_code = .
 *(.flash_code_section)
                0x20000000                _esran_code = .

.sram_code      0x20000000        0x0
                0x20000000                . = ALIGN (0x10)
                0x20000000                _sran_code = .
 *(.sram_code_section)
                0x20000000                _esran_code = .

.ARM.exidx      0x10008870        0x8
                0x10008870                __exidx_start = .
 *(.ARM.exidx*)
 .ARM.exidx     0x10008870        0x8 c:/users/ducminhn/downloads/software/max78000/tools/gnutools/bin/../lib/gcc/arm-none-eabi/9.2.1/thumb/v7e-m+fp/softfp\libgcc.a(_udivmoddi4.o)
                0x10008878                __exidx_end = .

.rel.dyn        0x10008878        0x0
 .rel.iplt      0x10008878        0x0 c:/users/ducminhn/downloads/software/max78000/tools/gnutools/bin/../lib/gcc/arm-none-eabi/9.2.1/thumb/v7e-m+fp/softfp/crtbegin.o

.data           0x20000000    0x180c4 load address 0x10008878
                0x20000000                _data = ALIGN (., 0x4)
 *(.data*)
 .data.inputs   0x20000000    0x17700 c:/Users/DucminhN/Downloads/Software/max78000/work_space/ann/build/main.o
                0x20000000                inputs
 .data.ConsoleUart
                0x20017700        0x4 c:/Users/DucminhN/Downloads/Software/max78000/work_space/ann/build/board.o
                0x20017700                ConsoleUart
 .data.overflows
                0x20017704        0x4 c:/Users/DucminhN/Downloads/Software/max78000/Libraries/PeriphDrivers/bin/MAX78000/softfp/libPeriphDriver_softfp.a(mxc_delay.o)
 .data._impure_ptr
                0x20017708        0x4 c:/users/ducminhn/downloads/software/max78000/tools/gnutools/bin/../lib/gcc/arm-none-eabi/9.2.1/../../../../arm-none-eabi/lib/thumb/v7e-m+fp/softfp\libc.a(lib_a-impure.o)
                0x20017708                _impure_ptr
 *fill*         0x2001770c        0x4 
 .data.impure_data
                0x20017710      0x428 c:/users/ducminhn/downloads/software/max78000/tools/gnutools/bin/../lib/gcc/arm-none-eabi/9.2.1/../../../../arm-none-eabi/lib/thumb/v7e-m+fp/softfp\libc.a(lib_a-impure.o)
 .data.__malloc_av_
                0x20017b38      0x408 c:/users/ducminhn/downloads/software/max78000/tools/gnutools/bin/../lib/gcc/arm-none-eabi/9.2.1/../../../../arm-none-eabi/lib/thumb/v7e-m+fp/softfp\libc.a(lib_a-mallocr.o)
                0x20017b38                __malloc_av_
 .data.__malloc_sbrk_base
                0x20017f40        0x4 c:/users/ducminhn/downloads/software/max78000/tools/gnutools/bin/../lib/gcc/arm-none-eabi/9.2.1/../../../../arm-none-eabi/lib/thumb/v7e-m+fp/softfp\libc.a(lib_a-mallocr.o)
                0x20017f40                __malloc_sbrk_base
 .data.__malloc_trim_threshold
                0x20017f44        0x4 c:/users/ducminhn/downloads/software/max78000/tools/gnutools/bin/../lib/gcc/arm-none-eabi/9.2.1/../../../../arm-none-eabi/lib/thumb/v7e-m+fp/softfp\libc.a(lib_a-mallocr.o)
                0x20017f44                __malloc_trim_threshold
 .data.__atexit_recursive_mutex
                0x20017f48        0x4 c:/users/ducminhn/downloads/software/max78000/tools/gnutools/bin/../lib/gcc/arm-none-eabi/9.2.1/../../../../arm-none-eabi/lib/thumb/v7e-m+fp/softfp\libc.a(lib_a-__call_atexit.o)
                0x20017f48                __atexit_recursive_mutex
 .data.__global_locale
                0x20017f4c      0x16c c:/users/ducminhn/downloads/software/max78000/tools/gnutools/bin/../lib/gcc/arm-none-eabi/9.2.1/../../../../arm-none-eabi/lib/thumb/v7e-m+fp/softfp\libc.a(lib_a-locale.o)
                0x20017f4c                __global_locale
                0x200180b8                . = ALIGN (0x4)
                0x200180b8                PROVIDE (__preinit_array_start = .)
 *(.preinit_array)
                0x200180b8                PROVIDE (__preinit_array_end = .)
                0x200180b8                . = ALIGN (0x4)
                0x200180b8                PROVIDE (__init_array_start = .)
 *(SORT_BY_NAME(.init_array.*))
 .init_array.00000
                0x200180b8        0x4 c:/users/ducminhn/downloads/software/max78000/tools/gnutools/bin/../lib/gcc/arm-none-eabi/9.2.1/../../../../arm-none-eabi/lib/thumb/v7e-m+fp/softfp\libc.a(lib_a-__call_atexit.o)
 *(.init_array)
 .init_array    0x200180bc        0x4 c:/users/ducminhn/downloads/software/max78000/tools/gnutools/bin/../lib/gcc/arm-none-eabi/9.2.1/thumb/v7e-m+fp/softfp/crtbegin.o
                0x200180c0                PROVIDE (__init_array_end = .)
                0x200180c0                . = ALIGN (0x4)
                0x200180c0                PROVIDE (__fini_array_start = .)
 *(SORT_BY_NAME(.fini_array.*))
 *(.fini_array)
 .fini_array    0x200180c0        0x4 c:/users/ducminhn/downloads/software/max78000/tools/gnutools/bin/../lib/gcc/arm-none-eabi/9.2.1/thumb/v7e-m+fp/softfp/crtbegin.o
                0x200180c4                PROVIDE (__fini_array_end = .)
                0x200180c4                _edata = ALIGN (., 0x4)
                0x10008878                __load_data = LOADADDR (.data)

.igot.plt       0x200180c4        0x0 load address 0x1002093c
 .igot.plt      0x200180c4        0x0 c:/users/ducminhn/downloads/software/max78000/tools/gnutools/bin/../lib/gcc/arm-none-eabi/9.2.1/thumb/v7e-m+fp/softfp/crtbegin.o

.bss            0x200180c4      0x48c load address 0x1002093c
                0x200180c4                . = ALIGN (0x4)
                0x200180c4                _bss = .
 *(.bss*)
 .bss           0x200180c4       0x1c c:/users/ducminhn/downloads/software/max78000/tools/gnutools/bin/../lib/gcc/arm-none-eabi/9.2.1/thumb/v7e-m+fp/softfp/crtbegin.o
 .bss.heap_end  0x200180e0        0x4 c:/Users/DucminhN/Downloads/Software/max78000/work_space/ann/build/heap.o
 .bss.cbFunc    0x200180e4        0x4 c:/Users/DucminhN/Downloads/Software/max78000/Libraries/PeriphDrivers/bin/MAX78000/softfp/libPeriphDriver_softfp.a(mxc_delay.o)
 .bss.ctrl_save
                0x200180e8        0x4 c:/Users/DucminhN/Downloads/Software/max78000/Libraries/PeriphDrivers/bin/MAX78000/softfp/libPeriphDriver_softfp.a(mxc_delay.o)
 .bss.endtick   0x200180ec        0x4 c:/Users/DucminhN/Downloads/Software/max78000/Libraries/PeriphDrivers/bin/MAX78000/softfp/libPeriphDriver_softfp.a(mxc_delay.o)
 .bss.callback  0x200180f0      0x200 c:/Users/DucminhN/Downloads/Software/max78000/Libraries/PeriphDrivers/bin/MAX78000/softfp/libPeriphDriver_softfp.a(gpio_common.o)
 .bss.cbparam   0x200182f0      0x200 c:/Users/DucminhN/Downloads/Software/max78000/Libraries/PeriphDrivers/bin/MAX78000/softfp/libPeriphDriver_softfp.a(gpio_common.o)
 .bss.initialized
                0x200184f0        0x1 c:/Users/DucminhN/Downloads/Software/max78000/Libraries/PeriphDrivers/bin/MAX78000/softfp/libPeriphDriver_softfp.a(gpio_common.o)
 *fill*         0x200184f1        0x3 
 .bss.__malloc_current_mallinfo
                0x200184f4       0x28 c:/users/ducminhn/downloads/software/max78000/tools/gnutools/bin/../lib/gcc/arm-none-eabi/9.2.1/../../../../arm-none-eabi/lib/thumb/v7e-m+fp/softfp\libc.a(lib_a-mallocr.o)
                0x200184f4                __malloc_current_mallinfo
 .bss.__malloc_max_sbrked_mem
                0x2001851c        0x4 c:/users/ducminhn/downloads/software/max78000/tools/gnutools/bin/../lib/gcc/arm-none-eabi/9.2.1/../../../../arm-none-eabi/lib/thumb/v7e-m+fp/softfp\libc.a(lib_a-mallocr.o)
                0x2001851c                __malloc_max_sbrked_mem
 .bss.__malloc_max_total_mem
                0x20018520        0x4 c:/users/ducminhn/downloads/software/max78000/tools/gnutools/bin/../lib/gcc/arm-none-eabi/9.2.1/../../../../arm-none-eabi/lib/thumb/v7e-m+fp/softfp\libc.a(lib_a-mallocr.o)
                0x20018520                __malloc_max_total_mem
 .bss.__malloc_top_pad
                0x20018524        0x4 c:/users/ducminhn/downloads/software/max78000/tools/gnutools/bin/../lib/gcc/arm-none-eabi/9.2.1/../../../../arm-none-eabi/lib/thumb/v7e-m+fp/softfp\libc.a(lib_a-mallocr.o)
                0x20018524                __malloc_top_pad
 *(COMMON)
 COMMON         0x20018528       0x21 c:/users/ducminhn/downloads/software/max78000/tools/gnutools/bin/../lib/gcc/arm-none-eabi/9.2.1/../../../../arm-none-eabi/lib/thumb/v7e-m+fp/softfp\libc.a(lib_a-lock.o)
                0x20018528                __lock___atexit_recursive_mutex
                0x2001852c                __lock___arc4random_mutex
                0x20018530                __lock___env_recursive_mutex
                0x20018534                __lock___sinit_recursive_mutex
                0x20018538                __lock___malloc_recursive_mutex
                0x2001853c                __lock___at_quick_exit_mutex
                0x20018540                __lock___dd_hash_mutex
                0x20018544                __lock___tz_mutex
                0x20018548                __lock___sfp_recursive_mutex
 *fill*         0x20018549        0x3 
 COMMON         0x2001854c        0x4 c:/users/ducminhn/downloads/software/max78000/tools/gnutools/bin/../lib/gcc/arm-none-eabi/9.2.1/../../../../arm-none-eabi/lib/thumb/v7e-m+fp/softfp\libc.a(lib_a-reent.o)
                0x2001854c                errno
                0x20018550                _ebss = ALIGN (., 0x4)

.shared         0x20018550        0x4 load address 0x1002093c
                0x20018550                . = ALIGN (0x4)
                0x20018550                _shared = .
 *(.mailbox*)
                0x20018550                . = ALIGN (0x4)
 *(.shared*)
 .shared        0x20018550        0x4 c:/Users/DucminhN/Downloads/Software/max78000/work_space/ann/build/system_max78000.o
                0x20018550                SystemCoreClock
                0x20018554                _eshared = ALIGN (., 0x4)
                0x1002093c                __shared_data = LOADADDR (.shared)
                0x20020000                __StackTop = (ORIGIN (SRAM) + LENGTH (SRAM))
                0x2001f000                __StackLimit = (__StackTop - SIZEOF (.stack_dummy))

.stack_dummy    0x20018558     0x1000 load address 0x10020940
 *(.stack*)
 .stack         0x20018558     0x1000 c:/Users/DucminhN/Downloads/Software/max78000/work_space/ann/build/startup_max78000.o

.heap           0x20018558      0xc00 load address 0x10020940
                0x20018558                . = ALIGN (0x4)
 *(.heap*)
 .heap          0x20018558      0xc00 c:/Users/DucminhN/Downloads/Software/max78000/work_space/ann/build/startup_max78000.o
                0x20018558                __HeapBase
                0x2001f000                __HeapLimit = ABSOLUTE (__StackLimit)
                0x20020000                PROVIDE (__stack = __StackTop)
                0x00000001                ASSERT ((__StackLimit >= _ebss), region RAM overflowed with stack)
OUTPUT(c:/Users/DucminhN/Downloads/Software/max78000/work_space/ann/build/ann.elf elf32-littlearm)

.ARM.attributes
                0x00000000       0x2e
 .ARM.attributes
                0x00000000       0x1e c:/users/ducminhn/downloads/software/max78000/tools/gnutools/bin/../lib/gcc/arm-none-eabi/9.2.1/thumb/v7e-m+fp/softfp/crti.o
 .ARM.attributes
                0x0000001e       0x32 c:/users/ducminhn/downloads/software/max78000/tools/gnutools/bin/../lib/gcc/arm-none-eabi/9.2.1/thumb/v7e-m+fp/softfp/crtbegin.o
 .ARM.attributes
                0x00000050       0x32 c:/Users/DucminhN/Downloads/Software/max78000/work_space/ann/build/main.o
 .ARM.attributes
                0x00000082       0x32 c:/Users/DucminhN/Downloads/Software/max78000/work_space/ann/build/board.o
 .ARM.attributes
                0x000000b4       0x32 c:/Users/DucminhN/Downloads/Software/max78000/work_space/ann/build/stdio.o
 .ARM.attributes
                0x000000e6       0x32 c:/Users/DucminhN/Downloads/Software/max78000/work_space/ann/build/led.o
 .ARM.attributes
                0x00000118       0x32 c:/Users/DucminhN/Downloads/Software/max78000/work_space/ann/build/pb.o
 .ARM.attributes
                0x0000014a       0x1b c:/Users/DucminhN/Downloads/Software/max78000/work_space/ann/build/startup_max78000.o
 .ARM.attributes
                0x00000165       0x32 c:/Users/DucminhN/Downloads/Software/max78000/work_space/ann/build/heap.o
 .ARM.attributes
                0x00000197       0x32 c:/Users/DucminhN/Downloads/Software/max78000/work_space/ann/build/system_max78000.o
 .ARM.attributes
                0x000001c9       0x32 c:/Users/DucminhN/Downloads/Software/max78000/Libraries/PeriphDrivers/bin/MAX78000/softfp/libPeriphDriver_softfp.a(mxc_delay.o)
 .ARM.attributes
                0x000001fb       0x37 c:/Users/DucminhN/Downloads/Software/max78000/Libraries/PeriphDrivers/bin/MAX78000/softfp/libPeriphDriver_softfp.a(pins_ai85.o)
 .ARM.attributes
                0x00000232       0x32 c:/Users/DucminhN/Downloads/Software/max78000/Libraries/PeriphDrivers/bin/MAX78000/softfp/libPeriphDriver_softfp.a(sys_ai85.o)
 .ARM.attributes
                0x00000264       0x32 c:/Users/DucminhN/Downloads/Software/max78000/Libraries/PeriphDrivers/bin/MAX78000/softfp/libPeriphDriver_softfp.a(gpio_ai85.o)
 .ARM.attributes
                0x00000296       0x32 c:/Users/DucminhN/Downloads/Software/max78000/Libraries/PeriphDrivers/bin/MAX78000/softfp/libPeriphDriver_softfp.a(gpio_reva.o)
 .ARM.attributes
                0x000002c8       0x32 c:/Users/DucminhN/Downloads/Software/max78000/Libraries/PeriphDrivers/bin/MAX78000/softfp/libPeriphDriver_softfp.a(uart_ai85.o)
 .ARM.attributes
                0x000002fa       0x32 c:/Users/DucminhN/Downloads/Software/max78000/Libraries/PeriphDrivers/bin/MAX78000/softfp/libPeriphDriver_softfp.a(uart_common.o)
 .ARM.attributes
                0x0000032c       0x32 c:/Users/DucminhN/Downloads/Software/max78000/Libraries/PeriphDrivers/bin/MAX78000/softfp/libPeriphDriver_softfp.a(uart_revb.o)
 .ARM.attributes
                0x0000035e       0x32 c:/Users/DucminhN/Downloads/Software/max78000/Libraries/PeriphDrivers/bin/MAX78000/softfp/libPeriphDriver_softfp.a(gpio_common.o)
 .ARM.attributes
                0x00000390       0x32 c:/users/ducminhn/downloads/software/max78000/tools/gnutools/bin/../lib/gcc/arm-none-eabi/9.2.1/../../../../arm-none-eabi/lib/thumb/v7e-m+fp/softfp\libc.a(lib_a-errno.o)
 .ARM.attributes
                0x000003c2       0x30 c:/users/ducminhn/downloads/software/max78000/tools/gnutools/bin/../lib/gcc/arm-none-eabi/9.2.1/../../../../arm-none-eabi/lib/thumb/v7e-m+fp/softfp\libc.a(lib_a-impure.o)
 .ARM.attributes
                0x000003f2       0x32 c:/users/ducminhn/downloads/software/max78000/tools/gnutools/bin/../lib/gcc/arm-none-eabi/9.2.1/../../../../arm-none-eabi/lib/thumb/v7e-m+fp/softfp\libc.a(lib_a-init.o)
 .ARM.attributes
                0x00000424       0x32 c:/users/ducminhn/downloads/software/max78000/tools/gnutools/bin/../lib/gcc/arm-none-eabi/9.2.1/../../../../arm-none-eabi/lib/thumb/v7e-m+fp/softfp\libc.a(lib_a-malloc.o)
 .ARM.attributes
                0x00000456       0x32 c:/users/ducminhn/downloads/software/max78000/tools/gnutools/bin/../lib/gcc/arm-none-eabi/9.2.1/../../../../arm-none-eabi/lib/thumb/v7e-m+fp/softfp\libc.a(lib_a-mallocr.o)
 .ARM.attributes
                0x00000488       0x1c c:/users/ducminhn/downloads/software/max78000/tools/gnutools/bin/../lib/gcc/arm-none-eabi/9.2.1/../../../../arm-none-eabi/lib/thumb/v7e-m+fp/softfp\libc.a(lib_a-memcpy.o)
 .ARM.attributes
                0x000004a4       0x32 c:/users/ducminhn/downloads/software/max78000/tools/gnutools/bin/../lib/gcc/arm-none-eabi/9.2.1/../../../../arm-none-eabi/lib/thumb/v7e-m+fp/softfp\libc.a(lib_a-memset.o)
 .ARM.attributes
                0x000004d6       0x32 c:/users/ducminhn/downloads/software/max78000/tools/gnutools/bin/../lib/gcc/arm-none-eabi/9.2.1/../../../../arm-none-eabi/lib/thumb/v7e-m+fp/softfp\libc.a(lib_a-mlock.o)
 .ARM.attributes
                0x00000508       0x32 c:/users/ducminhn/downloads/software/max78000/tools/gnutools/bin/../lib/gcc/arm-none-eabi/9.2.1/../../../../arm-none-eabi/lib/thumb/v7e-m+fp/softfp\libc.a(lib_a-printf.o)
 .ARM.attributes
                0x0000053a       0x32 c:/users/ducminhn/downloads/software/max78000/tools/gnutools/bin/../lib/gcc/arm-none-eabi/9.2.1/../../../../arm-none-eabi/lib/thumb/v7e-m+fp/softfp\libc.a(lib_a-puts.o)
 .ARM.attributes
                0x0000056c       0x32 c:/users/ducminhn/downloads/software/max78000/tools/gnutools/bin/../lib/gcc/arm-none-eabi/9.2.1/../../../../arm-none-eabi/lib/thumb/v7e-m+fp/softfp\libc.a(lib_a-sbrkr.o)
 .ARM.attributes
                0x0000059e       0x1c c:/users/ducminhn/downloads/software/max78000/tools/gnutools/bin/../lib/gcc/arm-none-eabi/9.2.1/../../../../arm-none-eabi/lib/thumb/v7e-m+fp/softfp\libc.a(lib_a-strlen.o)
 .ARM.attributes
                0x000005ba       0x32 c:/users/ducminhn/downloads/software/max78000/tools/gnutools/bin/../lib/gcc/arm-none-eabi/9.2.1/../../../../arm-none-eabi/lib/thumb/v7e-m+fp/softfp\libc.a(lib_a-vfprintf.o)
 .ARM.attributes
                0x000005ec       0x32 c:/users/ducminhn/downloads/software/max78000/tools/gnutools/bin/../lib/gcc/arm-none-eabi/9.2.1/../../../../arm-none-eabi/lib/thumb/v7e-m+fp/softfp\libc.a(lib_a-wsetup.o)
 .ARM.attributes
                0x0000061e       0x32 c:/users/ducminhn/downloads/software/max78000/tools/gnutools/bin/../lib/gcc/arm-none-eabi/9.2.1/../../../../arm-none-eabi/lib/thumb/v7e-m+fp/softfp\libc.a(lib_a-__call_atexit.o)
 .ARM.attributes
                0x00000650       0x32 c:/users/ducminhn/downloads/software/max78000/tools/gnutools/bin/../lib/gcc/arm-none-eabi/9.2.1/../../../../arm-none-eabi/lib/thumb/v7e-m+fp/softfp\libc.a(lib_a-atexit.o)
 .ARM.attributes
                0x00000682       0x32 c:/users/ducminhn/downloads/software/max78000/tools/gnutools/bin/../lib/gcc/arm-none-eabi/9.2.1/../../../../arm-none-eabi/lib/thumb/v7e-m+fp/softfp\libc.a(lib_a-dtoa.o)
 .ARM.attributes
                0x000006b4       0x32 c:/users/ducminhn/downloads/software/max78000/tools/gnutools/bin/../lib/gcc/arm-none-eabi/9.2.1/../../../../arm-none-eabi/lib/thumb/v7e-m+fp/softfp\libc.a(lib_a-fflush.o)
 .ARM.attributes
                0x000006e6       0x32 c:/users/ducminhn/downloads/software/max78000/tools/gnutools/bin/../lib/gcc/arm-none-eabi/9.2.1/../../../../arm-none-eabi/lib/thumb/v7e-m+fp/softfp\libc.a(lib_a-findfp.o)
 .ARM.attributes
                0x00000718       0x32 c:/users/ducminhn/downloads/software/max78000/tools/gnutools/bin/../lib/gcc/arm-none-eabi/9.2.1/../../../../arm-none-eabi/lib/thumb/v7e-m+fp/softfp\libc.a(lib_a-fini.o)
 .ARM.attributes
                0x0000074a       0x32 c:/users/ducminhn/downloads/software/max78000/tools/gnutools/bin/../lib/gcc/arm-none-eabi/9.2.1/../../../../arm-none-eabi/lib/thumb/v7e-m+fp/softfp\libc.a(lib_a-freer.o)
 .ARM.attributes
                0x0000077c       0x32 c:/users/ducminhn/downloads/software/max78000/tools/gnutools/bin/../lib/gcc/arm-none-eabi/9.2.1/../../../../arm-none-eabi/lib/thumb/v7e-m+fp/softfp\libc.a(lib_a-fvwrite.o)
 .ARM.attributes
                0x000007ae       0x32 c:/users/ducminhn/downloads/software/max78000/tools/gnutools/bin/../lib/gcc/arm-none-eabi/9.2.1/../../../../arm-none-eabi/lib/thumb/v7e-m+fp/softfp\libc.a(lib_a-fwalk.o)
 .ARM.attributes
                0x000007e0       0x32 c:/users/ducminhn/downloads/software/max78000/tools/gnutools/bin/../lib/gcc/arm-none-eabi/9.2.1/../../../../arm-none-eabi/lib/thumb/v7e-m+fp/softfp\libc.a(lib_a-localeconv.o)
 .ARM.attributes
                0x00000812       0x32 c:/users/ducminhn/downloads/software/max78000/tools/gnutools/bin/../lib/gcc/arm-none-eabi/9.2.1/../../../../arm-none-eabi/lib/thumb/v7e-m+fp/softfp\libc.a(lib_a-lock.o)
 .ARM.attributes
                0x00000844       0x32 c:/users/ducminhn/downloads/software/max78000/tools/gnutools/bin/../lib/gcc/arm-none-eabi/9.2.1/../../../../arm-none-eabi/lib/thumb/v7e-m+fp/softfp\libc.a(lib_a-makebuf.o)
 .ARM.attributes
                0x00000876       0x1c c:/users/ducminhn/downloads/software/max78000/tools/gnutools/bin/../lib/gcc/arm-none-eabi/9.2.1/../../../../arm-none-eabi/lib/thumb/v7e-m+fp/softfp\libc.a(lib_a-memchr.o)
 .ARM.attributes
                0x00000892       0x32 c:/users/ducminhn/downloads/software/max78000/tools/gnutools/bin/../lib/gcc/arm-none-eabi/9.2.1/../../../../arm-none-eabi/lib/thumb/v7e-m+fp/softfp\libc.a(lib_a-memmove.o)
 .ARM.attributes
                0x000008c4       0x32 c:/users/ducminhn/downloads/software/max78000/tools/gnutools/bin/../lib/gcc/arm-none-eabi/9.2.1/../../../../arm-none-eabi/lib/thumb/v7e-m+fp/softfp\libc.a(lib_a-mprec.o)
 .ARM.attributes
                0x000008f6       0x32 c:/users/ducminhn/downloads/software/max78000/tools/gnutools/bin/../lib/gcc/arm-none-eabi/9.2.1/../../../../arm-none-eabi/lib/thumb/v7e-m+fp/softfp\libc.a(lib_a-reallocr.o)
 .ARM.attributes
                0x00000928       0x32 c:/users/ducminhn/downloads/software/max78000/tools/gnutools/bin/../lib/gcc/arm-none-eabi/9.2.1/../../../../arm-none-eabi/lib/thumb/v7e-m+fp/softfp\libc.a(lib_a-reent.o)
 .ARM.attributes
                0x0000095a       0x32 c:/users/ducminhn/downloads/software/max78000/tools/gnutools/bin/../lib/gcc/arm-none-eabi/9.2.1/../../../../arm-none-eabi/lib/thumb/v7e-m+fp/softfp\libc.a(lib_a-s_frexp.o)
 .ARM.attributes
                0x0000098c       0x32 c:/users/ducminhn/downloads/software/max78000/tools/gnutools/bin/../lib/gcc/arm-none-eabi/9.2.1/../../../../arm-none-eabi/lib/thumb/v7e-m+fp/softfp\libc.a(lib_a-stdio.o)
 .ARM.attributes
                0x000009be       0x32 c:/users/ducminhn/downloads/software/max78000/tools/gnutools/bin/../lib/gcc/arm-none-eabi/9.2.1/../../../../arm-none-eabi/lib/thumb/v7e-m+fp/softfp\libc.a(lib_a-strncpy.o)
 .ARM.attributes
                0x000009f0       0x32 c:/users/ducminhn/downloads/software/max78000/tools/gnutools/bin/../lib/gcc/arm-none-eabi/9.2.1/../../../../arm-none-eabi/lib/thumb/v7e-m+fp/softfp\libc.a(lib_a-vfiprintf.o)
 .ARM.attributes
                0x00000a22       0x32 c:/users/ducminhn/downloads/software/max78000/tools/gnutools/bin/../lib/gcc/arm-none-eabi/9.2.1/../../../../arm-none-eabi/lib/thumb/v7e-m+fp/softfp\libc.a(lib_a-writer.o)
 .ARM.attributes
                0x00000a54       0x32 c:/users/ducminhn/downloads/software/max78000/tools/gnutools/bin/../lib/gcc/arm-none-eabi/9.2.1/../../../../arm-none-eabi/lib/thumb/v7e-m+fp/softfp\libc.a(lib_a-__atexit.o)
 .ARM.attributes
                0x00000a86       0x32 c:/users/ducminhn/downloads/software/max78000/tools/gnutools/bin/../lib/gcc/arm-none-eabi/9.2.1/../../../../arm-none-eabi/lib/thumb/v7e-m+fp/softfp\libc.a(lib_a-callocr.o)
 .ARM.attributes
                0x00000ab8       0x32 c:/users/ducminhn/downloads/software/max78000/tools/gnutools/bin/../lib/gcc/arm-none-eabi/9.2.1/../../../../arm-none-eabi/lib/thumb/v7e-m+fp/softfp\libc.a(lib_a-closer.o)
 .ARM.attributes
                0x00000aea       0x32 c:/users/ducminhn/downloads/software/max78000/tools/gnutools/bin/../lib/gcc/arm-none-eabi/9.2.1/../../../../arm-none-eabi/lib/thumb/v7e-m+fp/softfp\libc.a(lib_a-fclose.o)
 .ARM.attributes
                0x00000b1c       0x32 c:/users/ducminhn/downloads/software/max78000/tools/gnutools/bin/../lib/gcc/arm-none-eabi/9.2.1/../../../../arm-none-eabi/lib/thumb/v7e-m+fp/softfp\libc.a(lib_a-fputwc.o)
 .ARM.attributes
                0x00000b4e       0x32 c:/users/ducminhn/downloads/software/max78000/tools/gnutools/bin/../lib/gcc/arm-none-eabi/9.2.1/../../../../arm-none-eabi/lib/thumb/v7e-m+fp/softfp\libc.a(lib_a-fstatr.o)
 .ARM.attributes
                0x00000b80       0x32 c:/users/ducminhn/downloads/software/max78000/tools/gnutools/bin/../lib/gcc/arm-none-eabi/9.2.1/../../../../arm-none-eabi/lib/thumb/v7e-m+fp/softfp\libc.a(lib_a-isattyr.o)
 .ARM.attributes
                0x00000bb2       0x32 c:/users/ducminhn/downloads/software/max78000/tools/gnutools/bin/../lib/gcc/arm-none-eabi/9.2.1/../../../../arm-none-eabi/lib/thumb/v7e-m+fp/softfp\libc.a(lib_a-locale.o)
 .ARM.attributes
                0x00000be4       0x32 c:/users/ducminhn/downloads/software/max78000/tools/gnutools/bin/../lib/gcc/arm-none-eabi/9.2.1/../../../../arm-none-eabi/lib/thumb/v7e-m+fp/softfp\libc.a(lib_a-lseekr.o)
 .ARM.attributes
                0x00000c16       0x32 c:/users/ducminhn/downloads/software/max78000/tools/gnutools/bin/../lib/gcc/arm-none-eabi/9.2.1/../../../../arm-none-eabi/lib/thumb/v7e-m+fp/softfp\libc.a(lib_a-mbtowc_r.o)
 .ARM.attributes
                0x00000c48       0x32 c:/users/ducminhn/downloads/software/max78000/tools/gnutools/bin/../lib/gcc/arm-none-eabi/9.2.1/../../../../arm-none-eabi/lib/thumb/v7e-m+fp/softfp\libc.a(lib_a-readr.o)
 .ARM.attributes
                0x00000c7a       0x32 c:/users/ducminhn/downloads/software/max78000/tools/gnutools/bin/../lib/gcc/arm-none-eabi/9.2.1/../../../../arm-none-eabi/lib/thumb/v7e-m+fp/softfp\libc.a(lib_a-wbuf.o)
 .ARM.attributes
                0x00000cac       0x32 c:/users/ducminhn/downloads/software/max78000/tools/gnutools/bin/../lib/gcc/arm-none-eabi/9.2.1/../../../../arm-none-eabi/lib/thumb/v7e-m+fp/softfp\libc.a(lib_a-wcrtomb.o)
 .ARM.attributes
                0x00000cde       0x32 c:/users/ducminhn/downloads/software/max78000/tools/gnutools/bin/../lib/gcc/arm-none-eabi/9.2.1/../../../../arm-none-eabi/lib/thumb/v7e-m+fp/softfp\libc.a(lib_a-wctomb_r.o)
 .ARM.attributes
                0x00000d10       0x30 c:/users/ducminhn/downloads/software/max78000/tools/gnutools/bin/../lib/gcc/arm-none-eabi/9.2.1/../../../../arm-none-eabi/lib/thumb/v7e-m+fp/softfp\libc.a(lib_a-ctype_.o)
 .ARM.attributes
                0x00000d40       0x1e c:/users/ducminhn/downloads/software/max78000/tools/gnutools/bin/../lib/gcc/arm-none-eabi/9.2.1/thumb/v7e-m+fp/softfp\libgcc.a(_arm_addsubdf3.o)
 .ARM.attributes
                0x00000d5e       0x1e c:/users/ducminhn/downloads/software/max78000/tools/gnutools/bin/../lib/gcc/arm-none-eabi/9.2.1/thumb/v7e-m+fp/softfp\libgcc.a(_arm_muldivdf3.o)
 .ARM.attributes
                0x00000d7c       0x1e c:/users/ducminhn/downloads/software/max78000/tools/gnutools/bin/../lib/gcc/arm-none-eabi/9.2.1/thumb/v7e-m+fp/softfp\libgcc.a(_arm_cmpdf2.o)
 .ARM.attributes
                0x00000d9a       0x1e c:/users/ducminhn/downloads/software/max78000/tools/gnutools/bin/../lib/gcc/arm-none-eabi/9.2.1/thumb/v7e-m+fp/softfp\libgcc.a(_arm_unorddf2.o)
 .ARM.attributes
                0x00000db8       0x1e c:/users/ducminhn/downloads/software/max78000/tools/gnutools/bin/../lib/gcc/arm-none-eabi/9.2.1/thumb/v7e-m+fp/softfp\libgcc.a(_arm_fixdfsi.o)
 .ARM.attributes
                0x00000dd6       0x1e c:/users/ducminhn/downloads/software/max78000/tools/gnutools/bin/../lib/gcc/arm-none-eabi/9.2.1/thumb/v7e-m+fp/softfp\libgcc.a(_aeabi_uldivmod.o)
 .ARM.attributes
                0x00000df4       0x32 c:/users/ducminhn/downloads/software/max78000/tools/gnutools/bin/../lib/gcc/arm-none-eabi/9.2.1/thumb/v7e-m+fp/softfp\libgcc.a(_udivmoddi4.o)
 .ARM.attributes
                0x00000e26       0x1e c:/users/ducminhn/downloads/software/max78000/tools/gnutools/bin/../lib/gcc/arm-none-eabi/9.2.1/thumb/v7e-m+fp/softfp\libgcc.a(_dvmd_tls.o)
 .ARM.attributes
                0x00000e44       0x30 c:/users/ducminhn/downloads/software/max78000/tools/gnutools/bin/../lib/gcc/arm-none-eabi/9.2.1/thumb/v7e-m+fp/softfp/crtend.o
 .ARM.attributes
                0x00000e74       0x1e c:/users/ducminhn/downloads/software/max78000/tools/gnutools/bin/../lib/gcc/arm-none-eabi/9.2.1/thumb/v7e-m+fp/softfp/crtn.o

.comment        0x00000000       0x79
 .comment       0x00000000       0x79 c:/Users/DucminhN/Downloads/Software/max78000/work_space/ann/build/main.o
                                 0x7a (size before relaxing)
 .comment       0x00000079       0x7a c:/Users/DucminhN/Downloads/Software/max78000/work_space/ann/build/board.o
 .comment       0x00000079       0x7a c:/Users/DucminhN/Downloads/Software/max78000/work_space/ann/build/stdio.o
 .comment       0x00000079       0x7a c:/Users/DucminhN/Downloads/Software/max78000/work_space/ann/build/led.o
 .comment       0x00000079       0x7a c:/Users/DucminhN/Downloads/Software/max78000/work_space/ann/build/pb.o
 .comment       0x00000079       0x7a c:/Users/DucminhN/Downloads/Software/max78000/work_space/ann/build/heap.o
 .comment       0x00000079       0x7a c:/Users/DucminhN/Downloads/Software/max78000/work_space/ann/build/system_max78000.o
 .comment       0x00000079       0x7a c:/Users/DucminhN/Downloads/Software/max78000/Libraries/PeriphDrivers/bin/MAX78000/softfp/libPeriphDriver_softfp.a(mxc_delay.o)
 .comment       0x00000079       0x7a c:/Users/DucminhN/Downloads/Software/max78000/Libraries/PeriphDrivers/bin/MAX78000/softfp/libPeriphDriver_softfp.a(pins_ai85.o)
 .comment       0x00000079       0x7a c:/Users/DucminhN/Downloads/Software/max78000/Libraries/PeriphDrivers/bin/MAX78000/softfp/libPeriphDriver_softfp.a(sys_ai85.o)
 .comment       0x00000079       0x7a c:/Users/DucminhN/Downloads/Software/max78000/Libraries/PeriphDrivers/bin/MAX78000/softfp/libPeriphDriver_softfp.a(gpio_ai85.o)
 .comment       0x00000079       0x7a c:/Users/DucminhN/Downloads/Software/max78000/Libraries/PeriphDrivers/bin/MAX78000/softfp/libPeriphDriver_softfp.a(gpio_reva.o)
 .comment       0x00000079       0x7a c:/Users/DucminhN/Downloads/Software/max78000/Libraries/PeriphDrivers/bin/MAX78000/softfp/libPeriphDriver_softfp.a(uart_ai85.o)
 .comment       0x00000079       0x7a c:/Users/DucminhN/Downloads/Software/max78000/Libraries/PeriphDrivers/bin/MAX78000/softfp/libPeriphDriver_softfp.a(uart_common.o)
 .comment       0x00000079       0x7a c:/Users/DucminhN/Downloads/Software/max78000/Libraries/PeriphDrivers/bin/MAX78000/softfp/libPeriphDriver_softfp.a(uart_revb.o)
 .comment       0x00000079       0x7a c:/Users/DucminhN/Downloads/Software/max78000/Libraries/PeriphDrivers/bin/MAX78000/softfp/libPeriphDriver_softfp.a(gpio_common.o)

.debug_info     0x00000000    0x121cc
 .debug_info    0x00000000     0x18a0 c:/Users/DucminhN/Downloads/Software/max78000/work_space/ann/build/main.o
 .debug_info    0x000018a0     0x18fe c:/Users/DucminhN/Downloads/Software/max78000/work_space/ann/build/board.o
 .debug_info    0x0000319e     0x1511 c:/Users/DucminhN/Downloads/Software/max78000/work_space/ann/build/stdio.o
 .debug_info    0x000046af     0x10fb c:/Users/DucminhN/Downloads/Software/max78000/work_space/ann/build/led.o
 .debug_info    0x000057aa      0xee2 c:/Users/DucminhN/Downloads/Software/max78000/work_space/ann/build/pb.o
 .debug_info    0x0000668c      0xa22 c:/Users/DucminhN/Downloads/Software/max78000/work_space/ann/build/heap.o
 .debug_info    0x000070ae     0x1390 c:/Users/DucminhN/Downloads/Software/max78000/work_space/ann/build/system_max78000.o
 .debug_info    0x0000843e      0x91e c:/Users/DucminhN/Downloads/Software/max78000/Libraries/PeriphDrivers/bin/MAX78000/softfp/libPeriphDriver_softfp.a(mxc_delay.o)
 .debug_info    0x00008d5c      0x8dd c:/Users/DucminhN/Downloads/Software/max78000/Libraries/PeriphDrivers/bin/MAX78000/softfp/libPeriphDriver_softfp.a(pins_ai85.o)
 .debug_info    0x00009639      0xdff c:/Users/DucminhN/Downloads/Software/max78000/Libraries/PeriphDrivers/bin/MAX78000/softfp/libPeriphDriver_softfp.a(sys_ai85.o)
 .debug_info    0x0000a438     0x133a c:/Users/DucminhN/Downloads/Software/max78000/Libraries/PeriphDrivers/bin/MAX78000/softfp/libPeriphDriver_softfp.a(gpio_ai85.o)
 .debug_info    0x0000b772      0xbf9 c:/Users/DucminhN/Downloads/Software/max78000/Libraries/PeriphDrivers/bin/MAX78000/softfp/libPeriphDriver_softfp.a(gpio_reva.o)
 .debug_info    0x0000c36b     0x1fe6 c:/Users/DucminhN/Downloads/Software/max78000/Libraries/PeriphDrivers/bin/MAX78000/softfp/libPeriphDriver_softfp.a(uart_ai85.o)
 .debug_info    0x0000e351      0x85e c:/Users/DucminhN/Downloads/Software/max78000/Libraries/PeriphDrivers/bin/MAX78000/softfp/libPeriphDriver_softfp.a(uart_common.o)
 .debug_info    0x0000ebaf     0x2d69 c:/Users/DucminhN/Downloads/Software/max78000/Libraries/PeriphDrivers/bin/MAX78000/softfp/libPeriphDriver_softfp.a(uart_revb.o)
 .debug_info    0x00011918      0x8b4 c:/Users/DucminhN/Downloads/Software/max78000/Libraries/PeriphDrivers/bin/MAX78000/softfp/libPeriphDriver_softfp.a(gpio_common.o)

.debug_abbrev   0x00000000     0x2974
 .debug_abbrev  0x00000000      0x4e0 c:/Users/DucminhN/Downloads/Software/max78000/work_space/ann/build/main.o
 .debug_abbrev  0x000004e0      0x337 c:/Users/DucminhN/Downloads/Software/max78000/work_space/ann/build/board.o
 .debug_abbrev  0x00000817      0x2ff c:/Users/DucminhN/Downloads/Software/max78000/work_space/ann/build/stdio.o
 .debug_abbrev  0x00000b16      0x2ae c:/Users/DucminhN/Downloads/Software/max78000/work_space/ann/build/led.o